Component: ARM Compiler 5.06 update 7 (build 960) Tool: armlink [4d3601]

==============================================================================

Section Cross References

    startup_stm32f103xb.o(STACK) refers (Special) to heapauxi.o(.text) for __use_two_region_memory
    startup_stm32f103xb.o(HEAP) refers (Special) to heapauxi.o(.text) for __use_two_region_memory
    startup_stm32f103xb.o(RESET) refers (Special) to heapauxi.o(.text) for __use_two_region_memory
    startup_stm32f103xb.o(RESET) refers to startup_stm32f103xb.o(STACK) for __initial_sp
    startup_stm32f103xb.o(RESET) refers to startup_stm32f103xb.o(.text) for Reset_Handler
    startup_stm32f103xb.o(RESET) refers to stm32f1xx_it.o(i.NMI_Handler) for NMI_Handler
    startup_stm32f103xb.o(RESET) refers to stm32f1xx_it.o(i.HardFault_Handler) for HardFault_Handler
    startup_stm32f103xb.o(RESET) refers to stm32f1xx_it.o(i.MemManage_Handler) for MemManage_Handler
    startup_stm32f103xb.o(RESET) refers to stm32f1xx_it.o(i.BusFault_Handler) for BusFault_Handler
    startup_stm32f103xb.o(RESET) refers to stm32f1xx_it.o(i.UsageFault_Handler) for UsageFault_Handler
    startup_stm32f103xb.o(RESET) refers to stm32f1xx_it.o(i.SVC_Handler) for SVC_Handler
    startup_stm32f103xb.o(RESET) refers to stm32f1xx_it.o(i.DebugMon_Handler) for DebugMon_Handler
    startup_stm32f103xb.o(RESET) refers to stm32f1xx_it.o(i.PendSV_Handler) for PendSV_Handler
    startup_stm32f103xb.o(RESET) refers to stm32f1xx_it.o(i.SysTick_Handler) for SysTick_Handler
    startup_stm32f103xb.o(RESET) refers to stm32f1xx_it.o(i.DMA1_Channel1_IRQHandler) for DMA1_Channel1_IRQHandler
    startup_stm32f103xb.o(RESET) refers to stm32f1xx_it.o(i.TIM4_IRQHandler) for TIM4_IRQHandler
    startup_stm32f103xb.o(RESET) refers to stm32f1xx_it.o(i.USART1_IRQHandler) for USART1_IRQHandler
    startup_stm32f103xb.o(.text) refers (Special) to heapauxi.o(.text) for __use_two_region_memory
    startup_stm32f103xb.o(.text) refers to system_stm32f1xx.o(i.SystemInit) for SystemInit
    startup_stm32f103xb.o(.text) refers to __main.o(!!!main) for __main
    startup_stm32f103xb.o(.text) refers to startup_stm32f103xb.o(HEAP) for Heap_Mem
    startup_stm32f103xb.o(.text) refers to startup_stm32f103xb.o(STACK) for Stack_Mem
    main.o(i.AS5600_ReadMechRad) refers to stm32f1xx_hal_i2c.o(i.HAL_I2C_Master_Transmit) for HAL_I2C_Master_Transmit
    main.o(i.AS5600_ReadMechRad) refers to stm32f1xx_hal_i2c.o(i.HAL_I2C_Master_Receive) for HAL_I2C_Master_Receive
    main.o(i.AS5600_ReadMechRad) refers to main.o(i.I2C_ClearBusyFlagErratum) for I2C_ClearBusyFlagErratum
    main.o(i.AS5600_ReadMechRad) refers to fflt_clz.o(x$fpl$ffltu) for __aeabi_ui2f
    main.o(i.AS5600_ReadMechRad) refers to fmul.o(x$fpl$fmul) for __aeabi_fmul
    main.o(i.AS5600_ReadMechRad) refers to i2c.o(.bss) for hi2c2
    main.o(i.Align_ZeroElectricalAngle) refers to stm32f1xx_hal.o(i.HAL_GetTick) for HAL_GetTick
    main.o(i.Align_ZeroElectricalAngle) refers to main.o(i.set_phase_voltage) for set_phase_voltage
    main.o(i.Align_ZeroElectricalAngle) refers to main.o(i.get_stable_angle) for get_stable_angle
    main.o(i.Align_ZeroElectricalAngle) refers to fmul.o(x$fpl$fmul) for __aeabi_fmul
    main.o(i.Align_ZeroElectricalAngle) refers to main.o(i.norm2pi) for norm2pi
    main.o(i.Align_ZeroElectricalAngle) refers to main.o(.data) for .data
    main.o(i.HAL_ADC_ConvCpltCallback) refers to main.o(.data) for .data
    main.o(i.HAL_TIM_PeriodElapsedCallback) refers to main.o(i.control_step) for control_step
    main.o(i.HAL_UART_RxCpltCallback) refers to _printf_percent.o(.ARM.Collect$$_printf_percent$$00000000) for _printf_percent
    main.o(i.HAL_UART_RxCpltCallback) refers to _printf_d.o(.ARM.Collect$$_printf_percent$$00000009) for _printf_d
    main.o(i.HAL_UART_RxCpltCallback) refers to _printf_f.o(.ARM.Collect$$_printf_percent$$00000003) for _printf_f
    main.o(i.HAL_UART_RxCpltCallback) refers to _printf_dec.o(.text) for _printf_int_dec
    main.o(i.HAL_UART_RxCpltCallback) refers to printf1.o(x$fpl$printf1) for _printf_fp_dec
    main.o(i.HAL_UART_RxCpltCallback) refers to main.o(i.parse_line) for parse_line
    main.o(i.HAL_UART_RxCpltCallback) refers to f2d.o(x$fpl$f2d) for __aeabi_f2d
    main.o(i.HAL_UART_RxCpltCallback) refers to noretval__2snprintf.o(.text) for __2snprintf
    main.o(i.HAL_UART_RxCpltCallback) refers to main.o(i.uart_safe_print) for uart_safe_print
    main.o(i.HAL_UART_RxCpltCallback) refers to stm32f1xx_hal_uart.o(i.HAL_UART_Receive_IT) for HAL_UART_Receive_IT
    main.o(i.HAL_UART_RxCpltCallback) refers to main.o(.data) for .data
    main.o(i.HAL_UART_RxCpltCallback) refers to main.o(.bss) for .bss
    main.o(i.HAL_UART_RxCpltCallback) refers to usart.o(.bss) for huart1
    main.o(i.HAL_UART_TxCpltCallback) refers to strlen.o(.text) for strlen
    main.o(i.HAL_UART_TxCpltCallback) refers to stm32f1xx_hal_uart.o(i.HAL_UART_Transmit_IT) for HAL_UART_Transmit_IT
[...]
    id_kp                                    0x2000005c   Data           4  main.o(.data)
    id_ki                                    0x20000060   Data           4  main.o(.data)
    iq_kp                                    0x20000064   Data           4  main.o(.data)
    iq_ki                                    0x20000068   Data           4  main.o(.data)
    pi_i                                     0x2000006c   Data           4  main.o(.data)
    last_e                                   0x20000070   Data           4  main.o(.data)
    Ud_dbg                                   0x20000074   Data           4  main.o(.data)
    Uq_dbg                                   0x20000078   Data           4  main.o(.data)
    Uabs_dbg                                 0x2000007c   Data           4  main.o(.data)
    cfg_swap_ab                              0x20000080   Data           4  main.o(.data)
    cfg_flip_q                               0x20000084   Data           4  main.o(.data)
    angle_offset_el                          0x20000088   Data           4  main.o(.data)
    vel_kp                                   0x2000008c   Data           4  main.o(.data)
    vel_ki                                   0x20000090   Data           4  main.o(.data)
    vel_kd                                   0x20000094   Data           4  main.o(.data)
    vel_i                                    0x20000098   Data           4  main.o(.data)
    vel_last_e                               0x2000009c   Data           4  main.o(.data)
    g_mech_velocity                          0x200000a0   Data           4  main.o(.data)
    g_last_angle_for_vel                     0x200000a4   Data           4  main.o(.data)
    t_angle                                  0x200000a8   Data           4  main.o(.data)
    t0                                       0x200000ac   Data           4  main.o(.data)
    .data                                    0x200000b0   Section       12  stm32f1xx_hal.o(.data)
    .data                                    0x200000bc   Section        4  system_stm32f1xx.o(.data)
    .bss                                     0x200000c0   Section      832  main.o(.bss)
    rx_line                                  0x200000c0   Data          64  main.o(.bss)
    tx_buffer                                0x20000100   Data         768  main.o(.bss)
    .bss                                     0x20000400   Section      116  adc.o(.bss)
    .bss                                     0x20000474   Section       84  i2c.o(.bss)
    .bss                                     0x200004c8   Section      144  tim.o(.bss)
    .bss                                     0x20000558   Section       72  usart.o(.bss)
    .bss                                     0x200005a0   Section       96  libspace.o(.bss)
    HEAP                                     0x20000600   Section      512  startup_stm32f103xb.o(HEAP)
    Heap_Mem                                 0x20000600   Data         512  startup_stm32f103xb.o(HEAP)
    STACK                                    0x20000800   Section     1024  startup_stm32f103xb.o(STACK)
    Stack_Mem                                0x20000800   Data        1024  startup_stm32f103xb.o(STACK)
    __initial_sp                             0x20000c00   Data           0  startup_stm32f103xb.o(STACK)

    Global Symbols

    Symbol Name                              Value     Ov Type        Size  Object(Section)

    BuildAttributes$$THM_ISAv4$P$D$K$B$S$PE$A:L22UL41UL21$X:L11$S22US41US21$IEEE1$IW$USESV6$~STKCKD$USESV7$~SHL$OTIME$ROPI$IEEEX$EBA8$UX$STANDARDLIB$REQ8$PRES8$EABIv2 0x00000000   Number         0  anon$$obj.o ABSOLUTE
    __ARM_use_no_argv                        0x00000000   Number         0  main.o ABSOLUTE
    _printf_flags                            0x00000000   Number         0  printf_stubs.o ABSOLUTE
    _printf_return_value                     0x00000000   Number         0  printf_stubs.o ABSOLUTE
    _printf_sizespec                         0x00000000   Number         0  printf_stubs.o ABSOLUTE
    _printf_widthprec                        0x00000000   Number         0  printf_stubs.o ABSOLUTE
    __ARM_exceptions_init                     - Undefined Weak Reference
    __alloca_initialize                       - Undefined Weak Reference
    __arm_fini_                               - Undefined Weak Reference
    __arm_preinit_                            - Undefined Weak Reference
    __cpp_initialize__aeabi_                  - Undefined Weak Reference
    __cxa_finalize                            - Undefined Weak Reference
    __sigvec_lookup                           - Undefined Weak Reference
    _atexit_init                              - Undefined Weak Reference
    _call_atexit_fns                          - Undefined Weak Reference
    _clock_init                               - Undefined Weak Reference
    _fp_trap_init                             - Undefined Weak Reference
    _fp_trap_shutdown                         - Undefined Weak Reference
    _get_lc_collate                           - Undefined Weak Reference
    _get_lc_monetary                          - Undefined Weak Reference
    _get_lc_time                              - Undefined Weak Reference
    _getenv_init                              - Undefined Weak Reference
    _handle_redirection                       - Undefined Weak Reference
    _init_alloc                               - Undefined Weak Reference
    _init_user_alloc                          - Undefined Weak Reference
    _initio                                   - Undefined Weak Reference
    _printf_post_padding                      - Undefined Weak Reference
    _printf_pre_padding                       - Undefined Weak Reference
    _printf_truncate_signed                   - Undefined Weak Reference
    _printf_truncate_unsigned                 - Undefined Weak Reference
    _rand_init                                - Undefined Weak Reference
    _signal_finish                            - Undefined Weak Reference
    _signal_init                              - Undefined Weak Reference
    _terminate_alloc                          - Undefined Weak Reference
    _terminate_user_alloc                     - Undefined Weak Reference
    _terminateio                              - Undefined Weak Reference
    __Vectors_Size                           0x000000ec   Number         0  startup_stm32f103xb.o ABSOLUTE
    __Vectors                                0x08000000   Data           4  startup_stm32f103xb.o(RESET)
    __Vectors_End                            0x080000ec   Data           0  startup_stm32f103xb.o(RESET)
    __main                                   0x080000ed   Thumb Code     8  __main.o(!!!main)
    __scatterload                            0x080000f5   Thumb Code     0  __scatter.o(!!!scatter)
    __scatterload_rt2                        0x080000f5   Thumb Code    44  __scatter.o(!!!scatter)
    __scatterload_rt2_thumb_only             0x080000f5   Thumb Code     0  __scatter.o(!!!scatter)
    __scatterload_null                       0x08000103   Thumb Code     0  __scatter.o(!!!scatter)
    __scatterload_copy                       0x08000129   Thumb Code    26  __scatter_copy.o(!!handler_copy)
    __scatterload_zeroinit                   0x08000145   Thumb Code    28  __scatter_zi.o(!!handler_zi)
    _printf_f                                0x08000161   Thumb Code     0  _printf_f.o(.ARM.Collect$$_printf_percent$$00000003)
    _printf_percent                          0x08000161   Thumb Code     0  _printf_percent.o(.ARM.Collect$$_printf_percent$$00000000)
    _printf_d                                0x08000167   Thumb Code     0  _printf_d.o(.ARM.Collect$$_printf_percent$$00000009)
    _printf_percent_end                      0x0800016d   Thumb Code     0  _printf_percent_end.o(.ARM.Collect$$_printf_percent$$00000017)
    __rt_lib_init                            0x08000171   Thumb Code     0  libinit.o(.ARM.Collect$$libinit$$00000000)
    __rt_lib_init_fp_1                       0x08000173   Thumb Code     0  libinit2.o(.ARM.Collect$$libinit$$00000002)
    __rt_lib_init_heap_1                     0x08000173   Thumb Code     0  libinit2.o(.ARM.Collect$$libinit$$0000000A)
    __rt_lib_init_lc_common                  0x08000173   Thumb Code     0  libinit2.o(.ARM.Collect$$libinit$$0000000F)
    __rt_lib_init_preinit_1                  0x08000173   Thumb Code     0  libinit2.o(.ARM.Collect$$libinit$$00000004)
    __rt_lib_init_rand_1                     0x08000173   Thumb Code     0  libinit2.o(.ARM.Collect$$libinit$$0000000E)
    __rt_lib_init_user_alloc_1               0x08000173   Thumb Code     0  libinit2.o(.ARM.Collect$$libinit$$0000000C)
    __rt_lib_init_lc_collate_1               0x08000179   Thumb Code     0  libinit2.o(.ARM.Collect$$libinit$$00000011)
    __rt_lib_init_lc_ctype_2                 0x08000179   Thumb Code     0  libinit2.o(.ARM.Collect$$libinit$$00000012)
    __rt_lib_init_lc_ctype_1                 0x08000185   Thumb Code     0  libinit2.o(.ARM.Collect$$libinit$$00000013)
    __rt_lib_init_lc_monetary_1              0x08000185   Thumb Code     0  libinit2.o(.ARM.Collect$$libinit$$00000015)
    __rt_lib_init_lc_numeric_2               0x08000185   Thumb Code     0  libinit2.o(.ARM.Collect$$libinit$$00000016)
    __rt_lib_init_alloca_1                   0x0800018f   Thumb Code     0  libinit2.o(.ARM.Collect$$libinit$$0000002E)
    __rt_lib_init_argv_1                     0x0800018f   Thumb Code     0  libinit2.o(.ARM.Collect$$libinit$$0000002C)
    __rt_lib_init_atexit_1                   0x0800018f   Thumb Code     0  libinit2.o(.ARM.Collect$$libinit$$0000001B)
    __rt_lib_init_clock_1                    0x0800018f   Thumb Code     0  libinit2.o(.ARM.Collect$$libinit$$00000021)
    __rt_lib_init_cpp_1                      0x0800018f   Thumb Code     0  libinit2.o(.ARM.Collect$$libinit$$00000032)
    __rt_lib_init_exceptions_1               0x0800018f   Thumb Code     0  libinit2.o(.ARM.Collect$$libinit$$00000030)
    __rt_lib_init_fp_trap_1                  0x0800018f   Thumb Code     0  libinit2.o(.ARM.Collect$$libinit$$0000001F)
    __rt_lib_init_getenv_1                   0x0800018f   Thumb Code     0  libinit2.o(.ARM.Collect$$libinit$$00000023)
    __rt_lib_init_lc_numeric_1               0x0800018f   Thumb Code     0  libinit2.o(.ARM.Collect$$libinit$$00000017)
    __rt_lib_init_lc_time_1                  0x0800018f   Thumb Code     0  libinit2.o(.ARM.Collect$$libinit$$00000019)
    __rt_lib_init_return                     0x0800018f   Thumb Code     0  libinit2.o(.ARM.Collect$$libinit$$00000033)
    __rt_lib_init_signal_1                   0x0800018f   Thumb Code     0  libinit2.o(.ARM.Collect$$libinit$$0000001D)
    __rt_lib_init_stdio_1                    0x0800018f   Thumb Code     0  libinit2.o(.ARM.Collect$$libinit$$00000025)
    __rt_lib_shutdown                        0x08000191   Thumb Code     0  libshutdown.o(.ARM.Collect$$libshutdown$$00000000)
    __rt_lib_shutdown_cpp_1                  0x08000193   Thumb Code     0  libshutdown2.o(.ARM.Collect$$libshutdown$$00000004)
    __rt_lib_shutdown_fini_1                 0x08000193   Thumb Code     0  libshutdown2.o(.ARM.Collect$$libshutdown$$00000002)
    __rt_lib_shutdown_fp_trap_1              0x08000193   Thumb Code     0  libshutdown2.o(.ARM.Collect$$libshutdown$$00000009)
    __rt_lib_shutdown_heap_1                 0x08000193   Thumb Code     0  libshutdown2.o(.ARM.Collect$$libshutdown$$00000011)
    __rt_lib_shutdown_return                 0x08000193   Thumb Code     0  libshutdown2.o(.ARM.Collect$$libshutdown$$00000012)
    __rt_lib_shutdown_signal_1               0x08000193   Thumb Code     0  libshutdown2.o(.ARM.Collect$$libshutdown$$0000000C)
    __rt_lib_shutdown_stdio_1                0x08000193   Thumb Code     0  libshutdown2.o(.ARM.Collect$$libshutdown$$00000006)
    __rt_lib_shutdown_user_alloc_1           0x08000193   Thumb Code     0  libshutdown2.o(.ARM.Collect$$libshutdown$$0000000E)
    __rt_entry                               0x08000195   Thumb Code     0  __rtentry.o(.ARM.Collect$$rtentry$$00000000)
    __rt_entry_presh_1                       0x08000195   Thumb Code     0  __rtentry2.o(.ARM.Collect$$rtentry$$00000002)
    __rt_entry_sh                            0x08000195   Thumb Code     0  __rtentry4.o(.ARM.Collect$$rtentry$$00000004)
    __rt_entry_li                            0x0800019b   Thumb Code     0  __rtentry2.o(.ARM.Collect$$rtentry$$0000000A)
    __rt_entry_postsh_1                      0x0800019b   Thumb Code     0  __rtentry2.o(.ARM.Collect$$rtentry$$00000009)
    __rt_entry_main                          0x0800019f   Thumb Code     0  __rtentry2.o(.ARM.Collect$$rtentry$$0000000D)
    __rt_entry_postli_1                      0x0800019f   Thumb Code     0  __rtentry2.o(.ARM.Collect$$rtentry$$0000000C)
    __rt_exit                                0x080001a7   Thumb Code     0  rtexit.o(.ARM.Collect$$rtexit$$00000000)
    __rt_exit_ls                             0x080001a9   Thumb Code     0  rtexit2.o(.ARM.Collect$$rtexit$$00000003)
    __rt_exit_prels_1                        0x080001a9   Thumb Code     0  rtexit2.o(.ARM.Collect$$rtexit$$00000002)
    __rt_exit_exit                           0x080001ad   Thumb Code     0  rtexit2.o(.ARM.Collect$$rtexit$$00000004)
    Reset_Handler                            0x080001b5   Thumb Code     8  startup_stm32f103xb.o(.text)
    ADC1_2_IRQHandler                        0x080001cf   Thumb Code     0  startup_stm32f103xb.o(.text)
    CAN1_RX1_IRQHandler                      0x080001cf   Thumb Code     0  startup_stm32f103xb.o(.text)
    CAN1_SCE_IRQHandler                      0x080001cf   Thumb Code     0  startup_stm32f103xb.o(.text)
    DMA1_Channel2_IRQHandler                 0x080001cf   Thumb Code     0  startup_stm32f103xb.o(.text)
    DMA1_Channel3_IRQHandler                 0x080001cf   Thumb Code     0  startup_stm32f103xb.o(.text)
    DMA1_Channel4_IRQHandler                 0x080001cf   Thumb Code     0  startup_stm32f103xb.o(.text)
    DMA1_Channel5_IRQHandler                 0x080001cf   Thumb Code     0  startup_stm32f103xb.o(.text)
    DMA1_Channel6_IRQHandler                 0x080001cf   Thumb Code     0  startup_stm32f103xb.o(.text)
    DMA1_Channel7_IRQHandler                 0x080001cf   Thumb Code     0  startup_stm32f103xb.o(.text)
    EXTI0_IRQHandler                         0x080001cf   Thumb Code     0  startup_stm32f103xb.o(.text)
    EXTI15_10_IRQHandler                     0x080001cf   Thumb Code     0  startup_stm32f103xb.o(.text)
    EXTI1_IRQHandler                         0x080001cf   Thumb Code     0  startup_stm32f103xb.o(.text)
    EXTI2_IRQHandler                         0x080001cf   Thumb Code     0  startup_stm32f103xb.o(.text)
    EXTI3_IRQHandler                         0x080001cf   Thumb Code     0  startup_stm32f103xb.o(.text)
    EXTI4_IRQHandler                         0x080001cf   Thumb Code     0  startup_stm32f103xb.o(.text)
    EXTI9_5_IRQHandler                       0x080001cf   Thumb Code     0  startup_stm32f103xb.o(.text)
    FLASH_IRQHandler                         0x080001cf   Thumb Code     0  startup_stm32f103xb.o(.text)
    I2C1_ER_IRQHandler                       0x080001cf   Thumb Code     0  startup_stm32f103xb.o(.text)
    I2C1_EV_IRQHandler                       0x080001cf   Thumb Code     0  startup_stm32f103xb.o(.text)
    I2C2_ER_IRQHandler                       0x080001cf   Thumb Code     0  startup_stm32f103xb.o(.text)
    I2C2_EV_IRQHandler                       0x080001cf   Thumb Code     0  startup_stm32f103xb.o(.text)
    PVD_IRQHandler                           0x080001cf   Thumb Code     0  startup_stm32f103xb.o(.text)
    RCC_IRQHandler                           0x080001cf   Thumb Code     0  startup_stm32f103xb.o(.text)
    RTC_Alarm_IRQHandler                     0x080001cf   Thumb Code     0  startup_stm32f103xb.o(.text)
    RTC_IRQHandler                           0x080001cf   Thumb Code     0  startup_stm32f103xb.o(.text)
    SPI1_IRQHandler                          0x080001cf   Thumb Code     0  startup_stm32f103xb.o(.text)
    SPI2_IRQHandler                          0x080001cf   Thumb Code     0  startup_stm32f103xb.o(.text)
    TAMPER_IRQHandler                        0x080001cf   Thumb Code     0  startup_stm32f103xb.o(.text)
    TIM1_BRK_IRQHandler                      0x080001cf   Thumb Code     0  startup_stm32f103xb.o(.text)
    TIM1_CC_IRQHandler                       0x080001cf   Thumb Code     0  startup_stm32f103xb.o(.text)
    TIM1_TRG_COM_IRQHandler                  0x080001cf   Thumb Code     0  startup_stm32f103xb.o(.text)
    TIM1_UP_IRQHandler                       0x080001cf   Thumb Code     0  startup_stm32f103xb.o(.text)
    TIM2_IRQHandler                          0x080001cf   Thumb Code     0  startup_stm32f103xb.o(.text)
    TIM3_IRQHandler                          0x080001cf   Thumb Code     0  startup_stm32f103xb.o(.text)
    USART2_IRQHandler                        0x080001cf   Thumb Code     0  startup_stm32f103xb.o(.text)
    USART3_IRQHandler                        0x080001cf   Thumb Code     0  startup_stm32f103xb.o(.text)
    USBWakeUp_IRQHandler                     0x080001cf   Thumb Code     0  startup_stm32f103xb.o(.text)
    USB_HP_CAN1_TX_IRQHandler                0x080001cf   Thumb Code     0  startup_stm32f103xb.o(.text)
    USB_LP_CAN1_RX0_IRQHandler               0x080001cf   Thumb Code     0  startup_stm32f103xb.o(.text)
    WWDG_IRQHandler                          0x080001cf   Thumb Code     0  startup_stm32f103xb.o(.text)
    __user_initial_stackheap                 0x080001d1   Thumb Code     0  startup_stm32f103xb.o(.text)
    __rt_ctype_table                         0x080001f5   Thumb Code    16  rt_ctype_table.o(.text)
    tolower                                  0x08000205   Thumb Code    26  tolower.o(.text)
    __2snprintf                              0x08000221   Thumb Code    48  noretval__2snprintf.o(.text)
    _printf_int_dec                          0x08000255   Thumb Code   104  _printf_dec.o(.text)
    __printf                                 0x080002cd   Thumb Code   270  __printf_wp.o(.text)
    strlen                                   0x080003db   Thumb Code    62  strlen.o(.text)
    __aeabi_memclr4                          0x08000419   Thumb Code     0  rt_memclr_w.o(.text)
    __aeabi_memclr8                          0x08000419   Thumb Code     0  rt_memclr_w.o(.text)
    __rt_memclr_w                            0x08000419   Thumb Code    78  rt_memclr_w.o(.text)
    _memset_w                                0x0800041d   Thumb Code     0  rt_memclr_w.o(.text)
    strncpy                                  0x08000467   Thumb Code    86  strncpy.o(.text)
    __use_two_region_memory                  0x080004bd   Thumb Code     2  heapauxi.o(.text)
    __rt_heap_escrow$2region                 0x080004bf   Thumb Code     2  heapauxi.o(.text)
    __rt_heap_expand$2region                 0x080004c1   Thumb Code     2  heapauxi.o(.text)
    __rt_locale                              0x080004c5   Thumb Code     8  rt_locale_intlibspace.o(.text)
    __read_errno                             0x080004cd   Thumb Code    10  _rserrno.o(.text)
    __set_errno                              0x080004d7   Thumb Code    12  _rserrno.o(.text)
    _printf_int_common                       0x080004e3   Thumb Code   178  _printf_intcommon.o(.text)
    __lib_sel_fp_printf                      0x08000595   Thumb Code     2  _printf_fp_dec.o(.text)
    _printf_fp_dec_real                      0x08000747   Thumb Code   620  _printf_fp_dec.o(.text)
    _printf_char_common                      0x080009bf   Thumb Code    32  _printf_char_common.o(.text)
    _sputc                                   0x080009e5   Thumb Code    10  _sputc.o(.text)
    _snputc                                  0x080009ef   Thumb Code    16  _snputc.o(.text)
    __strtof_int                             0x080009ff   Thumb Code    26  strtof.o(.text)
    __aeabi_memclr                           0x08000a19   Thumb Code     0  rt_memclr.o(.text)
    __rt_memclr                              0x08000a19   Thumb Code    68  rt_memclr.o(.text)
    _memset                                  0x08000a1d   Thumb Code     0  rt_memclr.o(.text)
    __user_libspace                          0x08000a5d   Thumb Code     8  libspace.o(.text)
    __user_perproc_libspace                  0x08000a5d   Thumb Code     0  libspace.o(.text)
    __user_perthread_libspace                0x08000a5d   Thumb Code     0  libspace.o(.text)
    __aeabi_errno_addr                       0x08000a65   Thumb Code     8  rt_errno_addr_intlibspace.o(.text)
    __errno$intlibspace                      0x08000a65   Thumb Code     0  rt_errno_addr_intlibspace.o(.text)
    __rt_errno_addr$intlibspace              0x08000a65   Thumb Code     0  rt_errno_addr_intlibspace.o(.text)
    _ll_udiv10                               0x08000a6d   Thumb Code   138  lludiv10.o(.text)
    _printf_fp_infnan                        0x08000af9   Thumb Code   112  _printf_fp_infnan.o(.text)
    __strtod_int                             0x08000bb5   Thumb Code    90  strtod.o(.text)
    _btod_etento                             0x08000c1d   Thumb Code   224  bigflt0.o(.text)
    strcmp                                   0x08000d01   Thumb Code   128  strcmpv7m.o(.text)
    __user_setup_stackheap                   0x08000d81   Thumb Code    74  sys_stackheap_outer.o(.text)
    isspace                                  0x08000dcb   Thumb Code    18  isspace.o(.text)
    _sgetc                                   0x08000ddd   Thumb Code    30  _sgetc.o(.text)
    _sbackspace                              0x08000dfb   Thumb Code    34  _sgetc.o(.text)
    exit                                     0x08000e1d   Thumb Code    18  exit.o(.text)
    _scanf_really_real                       0x0800107d   Thumb Code   684  scanf_fp.o(.text)
    _sys_exit                                0x08001329   Thumb Code     8  sys_exit.o(.text)
    __I$use$semihosting                      0x08001335   Thumb Code     0  use_no_semi.o(.text)
    __use_no_semihosting_swi                 0x08001335   Thumb Code     2  use_no_semi.o(.text)
    __semihosting_library_function           0x08001337   Thumb Code     0  indicate_semi.o(.text)
    _scanf_really_hex_real                   0x08001339   Thumb Code   786  scanf_hexfp.o(.text)
    _scanf_really_infnan                     0x08001659   Thumb Code   292  scanf_infnan.o(.text)
    __aeabi_llsl                             0x0800178d   Thumb Code     0  llshl.o(.text)
    _ll_shift_l                              0x0800178d   Thumb Code    38  llshl.o(.text)
    _chval                                   0x080017b3   Thumb Code    28  _chval.o(.text)
    _btod_d2e                                0x080017cf   Thumb Code    62  btod.o(CL$$btod_d2e)
    _d2e_denorm_low                          0x0800180d   Thumb Code    70  btod.o(CL$$btod_d2e_denorm_low)
    _d2e_norm_op1                            0x08001853   Thumb Code    96  btod.o(CL$$btod_d2e_norm_op1)
    __btod_div_common                        0x080018b3   Thumb Code   696  btod.o(CL$$btod_div_common)
    _e2d                                     0x08001bed   Thumb Code   122  btod.o(CL$$btod_e2d)
    _e2e                                     0x08001c71   Thumb Code   220  btod.o(CL$$btod_e2e)
    _btod_ediv                               0x08001d4d   Thumb Code    42  btod.o(CL$$btod_ediv)
    _btod_edivd                              0x08001d77   Thumb Code    42  btod.o(CL$$btod_edivd)
    _btod_emul                               0x08001da1   Thumb Code    42  btod.o(CL$$btod_emul)
    _btod_emuld                              0x08001dcb   Thumb Code    42  btod.o(CL$$btod_emuld)
    __btod_mult_common                       0x08001df5   Thumb Code   580  btod.o(CL$$btod_mult_common)
    ADC_ConversionStop_Disable               0x08002039   Thumb Code    86  stm32f1xx_hal_adc.o(i.ADC_ConversionStop_Disable)
    ADC_DMAConvCplt                          0x0800208f   Thumb Code    78  stm32f1xx_hal_adc.o(i.ADC_DMAConvCplt)
    ADC_DMAError                             0x080020dd   Thumb Code    26  stm32f1xx_hal_adc.o(i.ADC_DMAError)
    ADC_DMAHalfConvCplt                      0x080020f7   Thumb Code    10  stm32f1xx_hal_adc.o(i.ADC_DMAHalfConvCplt)
    ADC_Enable                               0x08002101   Thumb Code   114  stm32f1xx_hal_adc.o(i.ADC_Enable)
    BusFault_Handler                         0x08002239   Thumb Code     2  stm32f1xx_it.o(i.BusFault_Handler)
    DMA1_Channel1_IRQHandler                 0x0800223d   Thumb Code     6  stm32f1xx_it.o(i.DMA1_Channel1_IRQHandler)
    DebugMon_Handler                         0x08002273   Thumb Code     2  stm32f1xx_it.o(i.DebugMon_Handler)
    Error_Handler                            0x08002275   Thumb Code     4  main.o(i.Error_Handler)
    HAL_ADC_ConfigChannel                    0x08002279   Thumb Code   240  stm32f1xx_hal_adc.o(i.HAL_ADC_ConfigChannel)
    HAL_ADC_ConvCpltCallback                 0x08002375   Thumb Code    22  main.o(i.HAL_ADC_ConvCpltCallback)
    HAL_ADC_ConvHalfCpltCallback             0x08002395   Thumb Code     2  stm32f1xx_hal_adc.o(i.HAL_ADC_ConvHalfCpltCallback)
    HAL_ADC_ErrorCallback                    0x08002397   Thumb Code     2  stm32f1xx_hal_adc.o(i.HAL_ADC_ErrorCallback)
    HAL_ADC_Init                             0x08002399   Thumb Code   272  stm32f1xx_hal_adc.o(i.HAL_ADC_Init)
    HAL_ADC_MspInit                          0x080024b5   Thumb Code   120  adc.o(i.HAL_ADC_MspInit)
    HAL_ADC_Start_DMA                        0x08002541   Thumb Code   246  stm32f1xx_hal_adc.o(i.HAL_ADC_Start_DMA)
    HAL_DMA_Abort                            0x0800264d   Thumb Code    70  stm32f1xx_hal_dma.o(i.HAL_DMA_Abort)
    HAL_DMA_Abort_IT                         0x08002695   Thumb Code   148  stm32f1xx_hal_dma.o(i.HAL_DMA_Abort_IT)
    HAL_DMA_IRQHandler                       0x0800272d   Thumb Code   316  stm32f1xx_hal_dma.o(i.HAL_DMA_IRQHandler)
    HAL_DMA_Init                             0x08002881   Thumb Code    84  stm32f1xx_hal_dma.o(i.HAL_DMA_Init)
    HAL_DMA_Start_IT                         0x080028dd   Thumb Code   112  stm32f1xx_hal_dma.o(i.HAL_DMA_Start_IT)
    HAL_Delay                                0x0800294d   Thumb Code    32  stm32f1xx_hal.o(i.HAL_Delay)
    HAL_GPIO_DeInit                          0x08002971   Thumb Code   254  stm32f1xx_hal_gpio.o(i.HAL_GPIO_DeInit)
    HAL_GPIO_Init                            0x08002a89   Thumb Code   446  stm32f1xx_hal_gpio.o(i.HAL_GPIO_Init)
    HAL_GPIO_WritePin                        0x08002c69   Thumb Code    10  stm32f1xx_hal_gpio.o(i.HAL_GPIO_WritePin)
    HAL_GetTick                              0x08002c75   Thumb Code     6  stm32f1xx_hal.o(i.HAL_GetTick)
    HAL_I2C_DeInit                           0x08002c81   Thumb Code    50  stm32f1xx_hal_i2c.o(i.HAL_I2C_DeInit)
    HAL_I2C_Init                             0x08002cb5   Thumb Code   376  stm32f1xx_hal_i2c.o(i.HAL_I2C_Init)
    HAL_I2C_Master_Receive                   0x08002e3d   Thumb Code   576  stm32f1xx_hal_i2c.o(i.HAL_I2C_Master_Receive)
    HAL_I2C_Master_Transmit                  0x0800308d   Thumb Code   290  stm32f1xx_hal_i2c.o(i.HAL_I2C_Master_Transmit)
    HAL_I2C_MspDeInit                        0x080031b9   Thumb Code    44  i2c.o(i.HAL_I2C_MspDeInit)
    HAL_I2C_MspInit                          0x080031f1   Thumb Code    82  i2c.o(i.HAL_I2C_MspInit)
    HAL_IncTick                              0x08003251   Thumb Code    12  stm32f1xx_hal.o(i.HAL_IncTick)
    HAL_Init                                 0x08003261   Thumb Code    32  stm32f1xx_hal.o(i.HAL_Init)
    HAL_InitTick                             0x08003285   Thumb Code    54  stm32f1xx_hal.o(i.HAL_InitTick)
    HAL_MspInit                              0x080032c5   Thumb Code    52  stm32f1xx_hal_msp.o(i.HAL_MspInit)
    HAL_NVIC_EnableIRQ                       0x08003301   Thumb Code    26  stm32f1xx_hal_cortex.o(i.HAL_NVIC_EnableIRQ)
    HAL_NVIC_SetPriority                     0x0800331d   Thumb Code    60  stm32f1xx_hal_cortex.o(i.HAL_NVIC_SetPriority)
    HAL_NVIC_SetPriorityGrouping             0x0800335d   Thumb Code    26  stm32f1xx_hal_cortex.o(i.HAL_NVIC_SetPriorityGrouping)
    HAL_RCCEx_PeriphCLKConfig                0x08003381   Thumb Code   224  stm32f1xx_hal_rcc_ex.o(i.HAL_RCCEx_PeriphCLKConfig)
    HAL_RCC_ClockConfig                      0x0800346d   Thumb Code   280  stm32f1xx_hal_rcc.o(i.HAL_RCC_ClockConfig)
    HAL_RCC_GetPCLK1Freq                     0x08003599   Thumb Code    20  stm32f1xx_hal_rcc.o(i.HAL_RCC_GetPCLK1Freq)
    HAL_RCC_GetPCLK2Freq                     0x080035b9   Thumb Code    20  stm32f1xx_hal_rcc.o(i.HAL_RCC_GetPCLK2Freq)
    HAL_RCC_GetSysClockFreq                  0x080035d9   Thumb Code    58  stm32f1xx_hal_rcc.o(i.HAL_RCC_GetSysClockFreq)
    HAL_RCC_OscConfig                        0x08003625   Thumb Code   778  stm32f1xx_hal_rcc.o(i.HAL_RCC_OscConfig)
    HAL_SYSTICK_Config                       0x08003945   Thumb Code    40  stm32f1xx_hal_cortex.o(i.HAL_SYSTICK_Config)
    HAL_TIMEx_BreakCallback                  0x0800396d   Thumb Code     2  stm32f1xx_hal_tim_ex.o(i.HAL_TIMEx_BreakCallback)
    HAL_TIMEx_CommutCallback                 0x0800396f   Thumb Code     2  stm32f1xx_hal_tim_ex.o(i.HAL_TIMEx_CommutCallback)
    HAL_TIMEx_MasterConfigSynchronization    0x08003971   Thumb Code    92  stm32f1xx_hal_tim_ex.o(i.HAL_TIMEx_MasterConfigSynchronization)
    HAL_TIM_Base_Init                        0x080039d9   Thumb Code    90  stm32f1xx_hal_tim.o(i.HAL_TIM_Base_Init)
    HAL_TIM_Base_MspInit                     0x08003a35   Thumb Code    72  tim.o(i.HAL_TIM_Base_MspInit)
    HAL_TIM_Base_Start_IT                    0x08003a85   Thumb Code    76  stm32f1xx_hal_tim.o(i.HAL_TIM_Base_Start_IT)
    HAL_TIM_ConfigClockSource                0x08003add   Thumb Code   220  stm32f1xx_hal_tim.o(i.HAL_TIM_ConfigClockSource)
    HAL_TIM_IC_CaptureCallback               0x08003bb9   Thumb Code     2  stm32f1xx_hal_tim.o(i.HAL_TIM_IC_CaptureCallback)
    HAL_TIM_IRQHandler                       0x08003bbb   Thumb Code   304  stm32f1xx_hal_tim.o(i.HAL_TIM_IRQHandler)
    HAL_TIM_MspPostInit                      0x08003ced   Thumb Code    62  tim.o(i.HAL_TIM_MspPostInit)
    HAL_TIM_OC_DelayElapsedCallback          0x08003d35   Thumb Code     2  stm32f1xx_hal_tim.o(i.HAL_TIM_OC_DelayElapsedCallback)
    HAL_TIM_PWM_ConfigChannel                0x08003d37   Thumb Code   204  stm32f1xx_hal_tim.o(i.HAL_TIM_PWM_ConfigChannel)
    HAL_TIM_PWM_Init                         0x08003e03   Thumb Code    90  stm32f1xx_hal_tim.o(i.HAL_TIM_PWM_Init)
    HAL_TIM_PWM_MspInit                      0x08003e5d   Thumb Code     2  stm32f1xx_hal_tim.o(i.HAL_TIM_PWM_MspInit)
    HAL_TIM_PWM_PulseFinishedCallback        0x08003e5f   Thumb Code     2  stm32f1xx_hal_tim.o(i.HAL_TIM_PWM_PulseFinishedCallback)
    HAL_TIM_PWM_Start                        0x08003e61   Thumb Code   144  stm32f1xx_hal_tim.o(i.HAL_TIM_PWM_Start)
    HAL_TIM_PeriodElapsedCallback            0x08003efd   Thumb Code    14  main.o(i.HAL_TIM_PeriodElapsedCallback)
    HAL_TIM_TriggerCallback                  0x08003f11   Thumb Code     2  stm32f1xx_hal_tim.o(i.HAL_TIM_TriggerCallback)
    HAL_UARTEx_RxEventCallback               0x08003f13   Thumb Code     2  stm32f1xx_hal_uart.o(i.HAL_UARTEx_RxEventCallback)
    HAL_UART_ErrorCallback                   0x08003f15   Thumb Code     2  stm32f1xx_hal_uart.o(i.HAL_UART_ErrorCallback)
    HAL_UART_IRQHandler                      0x08003f19   Thumb Code   616  stm32f1xx_hal_uart.o(i.HAL_UART_IRQHandler)
    HAL_UART_Init                            0x08004185   Thumb Code   100  stm32f1xx_hal_uart.o(i.HAL_UART_Init)
    HAL_UART_MspInit                         0x080041e9   Thumb Code   116  usart.o(i.HAL_UART_MspInit)
    HAL_UART_Receive_IT                      0x08004269   Thumb Code    28  stm32f1xx_hal_uart.o(i.HAL_UART_Receive_IT)
    HAL_UART_RxCpltCallback                  0x08004285   Thumb Code   104  main.o(i.HAL_UART_RxCpltCallback)
    HAL_UART_Transmit                        0x08004319   Thumb Code   160  stm32f1xx_hal_uart.o(i.HAL_UART_Transmit)
    HAL_UART_Transmit_IT                     0x080043b9   Thumb Code    50  stm32f1xx_hal_uart.o(i.HAL_UART_Transmit_IT)
    HAL_UART_TxCpltCallback                  0x080043ed   Thumb Code    74  main.o(i.HAL_UART_TxCpltCallback)
    HardFault_Handler                        0x08004449   Thumb Code     2  stm32f1xx_it.o(i.HardFault_Handler)
    MX_ADC1_Init                             0x0800488d   Thumb Code    96  adc.o(i.MX_ADC1_Init)
    MX_DMA_Init                              0x080048f5   Thumb Code    40  dma.o(i.MX_DMA_Init)
    MX_GPIO_Init                             0x08004921   Thumb Code   104  gpio.o(i.MX_GPIO_Init)
    MX_I2C2_Init                             0x08004991   Thumb Code    50  i2c.o(i.MX_I2C2_Init)
    MX_TIM2_Init                             0x080049d1   Thumb Code   176  tim.o(i.MX_TIM2_Init)
    MX_TIM4_Init                             0x08004a85   Thumb Code    92  tim.o(i.MX_TIM4_Init)
    MX_USART1_UART_Init                      0x08004ae9   Thumb Code    48  usart.o(i.MX_USART1_UART_Init)
    MemManage_Handler                        0x08004b21   Thumb Code     2  stm32f1xx_it.o(i.MemManage_Handler)
    NMI_Handler                              0x08004b23   Thumb Code     2  stm32f1xx_it.o(i.NMI_Handler)
    PendSV_Handler                           0x08004b25   Thumb Code     2  stm32f1xx_it.o(i.PendSV_Handler)
    SVC_Handler                              0x08004b27   Thumb Code     2  stm32f1xx_it.o(i.SVC_Handler)
    SysTick_Handler                          0x08004b29   Thumb Code     4  stm32f1xx_it.o(i.SysTick_Handler)
    SystemClock_Config                       0x08004b2d   Thumb Code   120  main.o(i.SystemClock_Config)
    SystemInit                               0x08004ba5   Thumb Code     2  system_stm32f1xx.o(i.SystemInit)
    TIM4_IRQHandler                          0x08004ba9   Thumb Code     6  stm32f1xx_it.o(i.TIM4_IRQHandler)
    TIM_Base_SetConfig                       0x08004bb5   Thumb Code   108  stm32f1xx_hal_tim.o(i.TIM_Base_SetConfig)
    TIM_CCxChannelCmd                        0x08004c2d   Thumb Code    26  stm32f1xx_hal_tim.o(i.TIM_CCxChannelCmd)
    TIM_ETR_SetConfig                        0x08004c47   Thumb Code    20  stm32f1xx_hal_tim.o(i.TIM_ETR_SetConfig)
    TIM_OC2_SetConfig                        0x08004cbd   Thumb Code    84  stm32f1xx_hal_tim.o(i.TIM_OC2_SetConfig)
    UART_Start_Receive_IT                    0x08004fd1   Thumb Code    54  stm32f1xx_hal_uart.o(i.UART_Start_Receive_IT)
    USART1_IRQHandler                        0x08005079   Thumb Code     6  stm32f1xx_it.o(i.USART1_IRQHandler)
    UsageFault_Handler                       0x08005085   Thumb Code     2  stm32f1xx_it.o(i.UsageFault_Handler)
    __ARM_fpclassify                         0x08005087   Thumb Code    40  fpclassify.o(i.__ARM_fpclassify)
    __ARM_fpclassifyf                        0x080050af   Thumb Code    38  fpclassifyf.o(i.__ARM_fpclassifyf)
    __mathlib_dbl_overflow                   0x080050f5   Thumb Code    14  dunder.o(i.__mathlib_dbl_overflow)
    __mathlib_dbl_underflow                  0x08005105   Thumb Code    10  dunder.o(i.__mathlib_dbl_underflow)
    __mathlib_flt_infnan                     0x08005115   Thumb Code     6  funder.o(i.__mathlib_flt_infnan)
    __mathlib_flt_invalid                    0x0800511b   Thumb Code     8  funder.o(i.__mathlib_flt_invalid)
    __mathlib_flt_underflow                  0x08005123   Thumb Code    10  funder.o(i.__mathlib_flt_underflow)
    __mathlib_narrow                         0x0800512d   Thumb Code    16  narrow.o(i.__mathlib_narrow)
    __mathlib_rredf2                         0x0800513d   Thumb Code   344  rredf.o(i.__mathlib_rredf2)
    __mathlib_tofloat                        0x080052a5   Thumb Code   184  narrow.o(i.__mathlib_tofloat)
    __support_ldexp                          0x08005361   Thumb Code    22  ldexp.o(i.__support_ldexp)
    _is_digit                                0x08005377   Thumb Code    14  __printf_wp.o(i._is_digit)
    cosf                                     0x080057d9   Thumb Code   328  cosf.o(i.cosf)
    frexp                                    0x080059b5   Thumb Code    80  frexp.o(i.frexp)
    ldexp                                    0x08005a61   Thumb Code   116  ldexp.o(i.ldexp)
    main                                     0x08005ad5   Thumb Code   508  main.o(i.main)
    sinf                                     0x080060e1   Thumb Code   338  sinf.o(i.sinf)
    sqrtf                                    0x08006269   Thumb Code    44  sqrtf.o(i.sqrtf)
    strtof                                   0x08006295   Thumb Code    20  strtof.o(i.strtof)
    _get_lc_ctype                            0x080063a9   Thumb Code    44  lc_ctype_c.o(locale$$code)
    _get_lc_numeric                          0x080063d5   Thumb Code    44  lc_numeric_c.o(locale$$code)
    __aeabi_d2f                              0x08006401   Thumb Code     0  d2f.o(x$fpl$d2f)
    _d2f                                     0x08006401   Thumb Code    98  d2f.o(x$fpl$d2f)
    __fpl_dcheck_NaN1                        0x08006465   Thumb Code    10  dcheck1.o(x$fpl$dcheck1)
    __fpl_dcmp_Inf                           0x08006475   Thumb Code    24  dcmpi.o(x$fpl$dcmpinf)
    __aeabi_cdcmpeq                          0x0800648d   Thumb Code     0  deqf.o(x$fpl$deqf)
    _dcmpeq                                  0x0800648d   Thumb Code   120  deqf.o(x$fpl$deqf)
    __aeabi_cdcmple                          0x08006505   Thumb Code     0  dleqf.o(x$fpl$dleqf)
    _dcmple                                  0x08006505   Thumb Code   120  dleqf.o(x$fpl$dleqf)
    __fpl_dcmple_InfNaN                      0x08006567   Thumb Code     0  dleqf.o(x$fpl$dleqf)
    __fpl_dnaninf                            0x0800657d   Thumb Code   156  dnaninf.o(x$fpl$dnaninf)
    __fpl_dretinf                            0x08006619   Thumb Code    12  dretinf.o(x$fpl$dretinf)
    __aeabi_cdrcmple                         0x08006625   Thumb Code     0  drleqf.o(x$fpl$drleqf)
    _drcmple                                 0x08006625   Thumb Code   108  drleqf.o(x$fpl$drleqf)
    __aeabi_f2d                              0x08006691   Thumb Code     0  f2d.o(x$fpl$f2d)
    _f2d                                     0x08006691   Thumb Code    86  f2d.o(x$fpl$f2d)
    __aeabi_fadd                             0x080066e9   Thumb Code     0  faddsub_clz.o(x$fpl$fadd)
    _fadd                                    0x080066e9   Thumb Code   196  faddsub_clz.o(x$fpl$fadd)
    __fpl_fcheck_NaN1                        0x080067ad   Thumb Code     6  fcheck1.o(x$fpl$fcheck1)
    __fpl_fcmp_Inf                           0x080067b9   Thumb Code    24  fcmpi.o(x$fpl$fcmpinf)
    __aeabi_fdiv                             0x080067d1   Thumb Code     0  fdiv.o(x$fpl$fdiv)
    _fdiv                                    0x080067d1   Thumb Code   384  fdiv.o(x$fpl$fdiv)
    __aeabi_f2iz                             0x08006955   Thumb Code     0  ffix.o(x$fpl$ffix)
    _ffix                                    0x08006955   Thumb Code    54  ffix.o(x$fpl$ffix)
    __aeabi_f2uiz                            0x0800698d   Thumb Code     0  ffixu.o(x$fpl$ffixu)
    _ffixu                                   0x0800698d   Thumb Code    62  ffixu.o(x$fpl$ffixu)
    __aeabi_i2f                              0x080069cd   Thumb Code     0  fflt_clz.o(x$fpl$fflt)
    _fflt                                    0x080069cd   Thumb Code    48  fflt_clz.o(x$fpl$fflt)
    __aeabi_ui2f                             0x080069fd   Thumb Code     0  fflt_clz.o(x$fpl$ffltu)
    _ffltu                                   0x080069fd   Thumb Code    38  fflt_clz.o(x$fpl$ffltu)
    __aeabi_cfcmple                          0x08006a25   Thumb Code     0  fleqf.o(x$fpl$fleqf)
    _fcmple                                  0x08006a25   Thumb Code   104  fleqf.o(x$fpl$fleqf)
    __fpl_fcmple_InfNaN                      0x08006a77   Thumb Code     0  fleqf.o(x$fpl$fleqf)
    __aeabi_fmul                             0x08006a8d   Thumb Code     0  fmul.o(x$fpl$fmul)
    _fmul                                    0x08006a8d   Thumb Code   258  fmul.o(x$fpl$fmul)
    __fpl_fnaninf                            0x08006b8f   Thumb Code   140  fnaninf.o(x$fpl$fnaninf)
    __fpl_fretinf                            0x08006c1b   Thumb Code    10  fretinf.o(x$fpl$fretinf)
    __aeabi_cfrcmple                         0x08006c25   Thumb Code     0  frleqf.o(x$fpl$frleqf)
    _frcmple                                 0x08006c25   Thumb Code    98  frleqf.o(x$fpl$frleqf)
    _frnd                                    0x08006c89   Thumb Code    96  frnd.o(x$fpl$frnd)
    __aeabi_frsub                            0x08006ce9   Thumb Code     0  faddsub_clz.o(x$fpl$frsb)
    _frsb                                    0x08006ce9   Thumb Code    20  faddsub_clz.o(x$fpl$frsb)
    _fsqrt                                   0x08006cfd   Thumb Code   272  fsqrt.o(x$fpl$fsqrt)
    __aeabi_fsub                             0x08006e0d   Thumb Code     0  faddsub_clz.o(x$fpl$fsub)
    _fsub                                    0x08006e0d   Thumb Code   234  faddsub_clz.o(x$fpl$fsub)
    __ieee_status                            0x08006ef7   Thumb Code     6  istatus.o(x$fpl$ieeestatus)
    _printf_fp_dec                           0x08006efd   Thumb Code     4  printf1.o(x$fpl$printf1)
    __fpl_return_NaN                         0x08006f01   Thumb Code   100  retnan.o(x$fpl$retnan)
    __ARM_scalbn                             0x08006f65   Thumb Code    92  scalbn.o(x$fpl$scalbn)
    __ARM_scalbnf                            0x08006fc1   Thumb Code    76  scalbnf.o(x$fpl$scalbnf)
    _scanf_real                              0x0800700d   Thumb Code     4  scanf1.o(x$fpl$scanf1)
    _scanf_hex_real                          0x08007011   Thumb Code     4  scanf2.o(x$fpl$scanf2)
    _scanf_infnan                            0x08007015   Thumb Code     4  scanf2.o(x$fpl$scanf2)
    __fpl_cmpreturn                          0x08007019   Thumb Code    48  trapv.o(x$fpl$trapveneer)
    __I$use$fp                               0x08007048   Number         0  usenofp.o(x$fpl$usenofp)
    AHBPrescTable                            0x0800705a   Data          16  system_stm32f1xx.o(.constdata)
    APBPrescTable                            0x0800706a   Data           8  system_stm32f1xx.o(.constdata)
    Region$$Table$$Base                      0x08007170   Number         0  anon$$obj.o(Region$$Table)
    Region$$Table$$Limit                     0x08007190   Number         0  anon$$obj.o(Region$$Table)
    __aeabi_HUGE_VAL                         0x08007190   Data           0  fpconst.o(c$$dinf)
    __aeabi_HUGE_VALL                        0x08007190   Data           0  fpconst.o(c$$dinf)
    __aeabi_INFINITY                         0x08007190   Data           0  fpconst.o(c$$dinf)
    __dInf                                   0x08007190   Data           0  fpconst.o(c$$dinf)
    __huge_val                               0x08007190   Data           0  fpconst.o(c$$dinf)
    __dbl_max                                0x08007198   Data           0  fpconst.o(c$$dmax)
    __ctype                                  0x080071ad   Data           0  lc_ctype_c.o(locale$$data)
    g_mode                                   0x20000000   Data           1  main.o(.data)
    tx_busy                                  0x20000003   Data           1  main.o(.data)
    g_target                                 0x2000000c   Data           4  main.o(.data)
    g_kp                                     0x20000010   Data           4  main.o(.data)
    g_ki                                     0x20000014   Data           4  main.o(.data)
    g_kd                                     0x20000018   Data           4  main.o(.data)
    adc_raw                                  0x20000020   Data           4  main.o(.data)
    adc_last                                 0x20000024   Data           4  main.o(.data)
    ia_A                                     0x20000028   Data           4  main.o(.data)
    ib_A                                     0x2000002c   Data           4  main.o(.data)
    g_mech_angle                             0x20000040   Data           4  main.o(.data)
    uwTickFreq                               0x200000b0   Data           1  stm32f1xx_hal.o(.data)
    uwTickPrio                               0x200000b4   Data           4  stm32f1xx_hal.o(.data)
    uwTick                                   0x200000b8   Data           4  stm32f1xx_hal.o(.data)
    SystemCoreClock                          0x200000bc   Data           4  system_stm32f1xx.o(.data)
    hadc1                                    0x20000400   Data          48  adc.o(.bss)
    hdma_adc1                                0x20000430   Data          68  adc.o(.bss)
    hi2c2                                    0x20000474   Data          84  i2c.o(.bss)
    htim2                                    0x200004c8   Data          72  tim.o(.bss)
    htim4                                    0x20000510   Data          72  tim.o(.bss)
    huart1                                   0x20000558   Data          72  usart.o(.bss)
    __libspace_start                         0x200005a0   Data          96  libspace.o(.bss)
    __temporary_stack_top$libspace           0x20000600   Data           0  libspace.o(.bss)



==============================================================================

Memory Map of the image

  Image Entry point : 0x080000ed

  Load Region LR_IROM1 (Base: 0x08000000, Size: 0x0000738c, Max: 0x00010000, ABSOLUTE)

    Execution Region ER_IROM1 (Exec base: 0x08000000, Load base: 0x08000000, Size: 0x000072cc, Max: 0x00010000, ABSOLUTE)

    Exec Addr    Load Addr    Size         Type   Attr      Idx    E Section Name        Object

    0x08000000   0x08000000   0x000000ec   Data   RO            3    RESET               startup_stm32f103xb.o
    0x080000ec   0x080000ec   0x00000008   Code   RO         3777  * !!!main             c_w.l(__main.o)
    0x080000f4   0x080000f4   0x00000034   Code   RO         4201    !!!scatter          c_w.l(__scatter.o)
    0x08000128   0x08000128   0x0000001a   Code   RO         4203    !!handler_copy      c_w.l(__scatter_copy.o)
    0x08000142   0x08000142   0x00000002   PAD
    0x08000144   0x08000144   0x0000001c   Code   RO         4205    !!handler_zi        c_w.l(__scatter_zi.o)
    0x08000160   0x08000160   0x00000000   Code   RO         3768    .ARM.Collect$$_printf_percent$$00000000  c_w.l(_printf_percent.o)
    0x08000160   0x08000160   0x00000006   Code   RO         3767    .ARM.Collect$$_printf_percent$$00000003  c_w.l(_printf_f.o)
    0x08000166   0x08000166   0x00000006   Code   RO         3766    .ARM.Collect$$_printf_percent$$00000009  c_w.l(_printf_d.o)
    0x0800016c   0x0800016c   0x00000004   Code   RO         3859    .ARM.Collect$$_printf_percent$$00000017  c_w.l(_printf_percent_end.o)
    0x08000170   0x08000170   0x00000002   Code   RO         4036    .ARM.Collect$$libinit$$00000000  c_w.l(libinit.o)
    0x08000172   0x08000172   0x00000000   Code   RO         3963    .ARM.Collect$$libinit$$00000002  c_w.l(libinit2.o)
    0x08000172   0x08000172   0x00000000   Code   RO         3965    .ARM.Collect$$libinit$$00000004  c_w.l(libinit2.o)
    0x08000172   0x08000172   0x00000000   Code   RO         3968    .ARM.Collect$$libinit$$0000000A  c_w.l(libinit2.o)
    0x08000172   0x08000172   0x00000000   Code   RO         3970    .ARM.Collect$$libinit$$0000000C  c_w.l(libinit2.o)
    0x08000172   0x08000172   0x00000000   Code   RO         3972    .ARM.Collect$$libinit$$0000000E  c_w.l(libinit2.o)
    0x08000172   0x08000172   0x00000006   Code   RO         3973    .ARM.Collect$$libinit$$0000000F  c_w.l(libinit2.o)
    0x08000178   0x08000178   0x00000000   Code   RO         3975    .ARM.Collect$$libinit$$00000011  c_w.l(libinit2.o)
    0x08000178   0x08000178   0x0000000c   Code   RO         3976    .ARM.Collect$$libinit$$00000012  c_w.l(libinit2.o)
    0x08000184   0x08000184   0x00000000   Code   RO         3977    .ARM.Collect$$libinit$$00000013  c_w.l(libinit2.o)
    0x08000184   0x08000184   0x00000000   Code   RO         3979    .ARM.Collect$$libinit$$00000015  c_w.l(libinit2.o)
    0x08000184   0x08000184   0x0000000a   Code   RO         3980    .ARM.Collect$$libinit$$00000016  c_w.l(libinit2.o)
    0x0800018e   0x0800018e   0x00000000   Code   RO         3981    .ARM.Collect$$libinit$$00000017  c_w.l(libinit2.o)
    0x0800018e   0x0800018e   0x00000000   Code   RO         3983    .ARM.Collect$$libinit$$00000019  c_w.l(libinit2.o)
    0x0800018e   0x0800018e   0x00000000   Code   RO         3985    .ARM.Collect$$libinit$$0000001B  c_w.l(libinit2.o)
    0x0800018e   0x0800018e   0x00000000   Code   RO         3987    .ARM.Collect$$libinit$$0000001D  c_w.l(libinit2.o)
    0x0800018e   0x0800018e   0x00000000   Code   RO         3989    .ARM.Collect$$libinit$$0000001F  c_w.l(libinit2.o)
    0x0800018e   0x0800018e   0x00000000   Code   RO         3991    .ARM.Collect$$libinit$$00000021  c_w.l(libinit2.o)
    0x0800018e   0x0800018e   0x00000000   Code   RO         3993    .ARM.Collect$$libinit$$00000023  c_w.l(libinit2.o)
    0x0800018e   0x0800018e   0x00000000   Code   RO         3995    .ARM.Collect$$libinit$$00000025  c_w.l(libinit2.o)
    0x0800018e   0x0800018e   0x00000000   Code   RO         3999    .ARM.Collect$$libinit$$0000002C  c_w.l(libinit2.o)
    0x0800018e   0x0800018e   0x00000000   Code   RO         4001    .ARM.Collect$$libinit$$0000002E  c_w.l(libinit2.o)
    0x0800018e   0x0800018e   0x00000000   Code   RO         4003    .ARM.Collect$$libinit$$00000030  c_w.l(libinit2.o)
    0x0800018e   0x0800018e   0x00000000   Code   RO         4005    .ARM.Collect$$libinit$$00000032  c_w.l(libinit2.o)
    0x0800018e   0x0800018e   0x00000002   Code   RO         4006    .ARM.Collect$$libinit$$00000033  c_w.l(libinit2.o)
    0x08000190   0x08000190   0x00000002   Code   RO         4113    .ARM.Collect$$libshutdown$$00000000  c_w.l(libshutdown.o)
    0x08000192   0x08000192   0x00000000   Code   RO         4123    .ARM.Collect$$libshutdown$$00000002  c_w.l(libshutdown2.o)
    0x08000192   0x08000192   0x00000000   Code   RO         4125    .ARM.Collect$$libshutdown$$00000004  c_w.l(libshutdown2.o)
    0x08000192   0x08000192   0x00000000   Code   RO         4127    .ARM.Collect$$libshutdown$$00000006  c_w.l(libshutdown2.o)
    0x08000192   0x08000192   0x00000000   Code   RO         4130    .ARM.Collect$$libshutdown$$00000009  c_w.l(libshutdown2.o)
    0x08000192   0x08000192   0x00000000   Code   RO         4133    .ARM.Collect$$libshutdown$$0000000C  c_w.l(libshutdown2.o)
    0x08000192   0x08000192   0x00000000   Code   RO         4135    .ARM.Collect$$libshutdown$$0000000E  c_w.l(libshutdown2.o)
    0x08000192   0x08000192   0x00000000   Code   RO         4138    .ARM.Collect$$libshutdown$$00000011  c_w.l(libshutdown2.o)
    0x08000192   0x08000192   0x00000002   Code   RO         4139    .ARM.Collect$$libshutdown$$00000012  c_w.l(libshutdown2.o)
    0x08000194   0x08000194   0x00000000   Code   RO         3841    .ARM.Collect$$rtentry$$00000000  c_w.l(__rtentry.o)
    0x08000194   0x08000194   0x00000000   Code   RO         3905    .ARM.Collect$$rtentry$$00000002  c_w.l(__rtentry2.o)
    0x08000194   0x08000194   0x00000006   Code   RO         3917    .ARM.Collect$$rtentry$$00000004  c_w.l(__rtentry4.o)
    0x0800019a   0x0800019a   0x00000000   Code   RO         3907    .ARM.Collect$$rtentry$$00000009  c_w.l(__rtentry2.o)
    0x0800019a   0x0800019a   0x00000004   Code   RO         3908    .ARM.Collect$$rtentry$$0000000A  c_w.l(__rtentry2.o)
    0x0800019e   0x0800019e   0x00000000   Code   RO         3910    .ARM.Collect$$rtentry$$0000000C  c_w.l(__rtentry2.o)
    0x0800019e   0x0800019e   0x00000008   Code   RO         3911    .ARM.Collect$$rtentry$$0000000D  c_w.l(__rtentry2.o)
    0x080001a6   0x080001a6   0x00000002   Code   RO         4053    .ARM.Collect$$rtexit$$00000000  c_w.l(rtexit.o)
    0x080001a8   0x080001a8   0x00000000   Code   RO         4072    .ARM.Collect$$rtexit$$00000002  c_w.l(rtexit2.o)
    0x080001a8   0x080001a8   0x00000004   Code   RO         4073    .ARM.Collect$$rtexit$$00000003  c_w.l(rtexit2.o)
    0x080001ac   0x080001ac   0x00000006   Code   RO         4074    .ARM.Collect$$rtexit$$00000004  c_w.l(rtexit2.o)
    0x080001b2   0x080001b2   0x00000002   PAD
    0x080001b4   0x080001b4   0x00000040   Code   RO            4    .text               startup_stm32f103xb.o
    0x080001f4   0x080001f4   0x00000010   Code   RO         3732    .text               c_w.l(rt_ctype_table.o)
    0x08000204   0x08000204   0x0000001a   Code   RO         3736    .text               c_w.l(tolower.o)
    0x0800021e   0x0800021e   0x00000002   PAD
    0x08000220   0x08000220   0x00000034   Code   RO         3740    .text               c_w.l(noretval__2snprintf.o)
    0x08000254   0x08000254   0x00000078   Code   RO         3744    .text               c_w.l(_printf_dec.o)
    0x080002cc   0x080002cc   0x0000010e   Code   RO         3754    .text               c_w.l(__printf_wp.o)
    0x080003da   0x080003da   0x0000003e   Code   RO         3769    .text               c_w.l(strlen.o)
    0x08000418   0x08000418   0x0000004e   Code   RO         3771    .text               c_w.l(rt_memclr_w.o)
    0x08000466   0x08000466   0x00000056   Code   RO         3773    .text               c_w.l(strncpy.o)
    0x080004bc   0x080004bc   0x00000006   Code   RO         3775    .text               c_w.l(heapauxi.o)
    0x080004c2   0x080004c2   0x00000002   PAD
    0x080004c4   0x080004c4   0x00000008   Code   RO         3845    .text               c_w.l(rt_locale_intlibspace.o)
    0x080004cc   0x080004cc   0x00000016   Code   RO         3847    .text               c_w.l(_rserrno.o)
    0x080004e2   0x080004e2   0x000000b2   Code   RO         3849    .text               c_w.l(_printf_intcommon.o)
    0x08000594   0x08000594   0x0000041e   Code   RO         3851    .text               c_w.l(_printf_fp_dec.o)
    0x080009b2   0x080009b2   0x00000002   PAD
    0x080009b4   0x080009b4   0x00000030   Code   RO         3853    .text               c_w.l(_printf_char_common.o)
    0x080009e4   0x080009e4   0x0000000a   Code   RO         3855    .text               c_w.l(_sputc.o)
    0x080009ee   0x080009ee   0x00000010   Code   RO         3857    .text               c_w.l(_snputc.o)
    0x080009fe   0x080009fe   0x0000001a   Code   RO         3860    .text               c_w.l(strtof.o)
    0x08000a18   0x08000a18   0x00000044   Code   RO         3865    .text               c_w.l(rt_memclr.o)
    0x08000a5c   0x08000a5c   0x00000008   Code   RO         3901    .text               c_w.l(libspace.o)
    0x08000a64   0x08000a64   0x00000008   Code   RO         3922    .text               c_w.l(rt_errno_addr_intlibspace.o)
    0x08000a6c   0x08000a6c   0x0000008a   Code   RO         3924    .text               c_w.l(lludiv10.o)
    0x08000af6   0x08000af6   0x00000002   PAD
    0x08000af8   0x08000af8   0x00000080   Code   RO         3926    .text               c_w.l(_printf_fp_infnan.o)
    0x08000b78   0x08000b78   0x000000a4   Code   RO         3930    .text               c_w.l(strtod.o)
    0x08000c1c   0x08000c1c   0x000000e4   Code   RO         3932    .text               c_w.l(bigflt0.o)
    0x08000d00   0x08000d00   0x00000080   Code   RO         3960    .text               c_w.l(strcmpv7m.o)
    0x08000d80   0x08000d80   0x0000004a   Code   RO         4021    .text               c_w.l(sys_stackheap_outer.o)
    0x08000dca   0x08000dca   0x00000012   Code   RO         4023    .text               c_w.l(isspace.o)
    0x08000ddc   0x08000ddc   0x00000040   Code   RO         4025    .text               c_w.l(_sgetc.o)
    0x08000e1c   0x08000e1c   0x00000012   Code   RO         4027    .text               c_w.l(exit.o)
    0x08000e2e   0x08000e2e   0x00000002   PAD
    0x08000e30   0x08000e30   0x000004f8   Code   RO         4055    .text               c_w.l(scanf_fp.o)
    0x08001328   0x08001328   0x0000000c   Code   RO         4096    .text               c_w.l(sys_exit.o)
    0x08001334   0x08001334   0x00000002   Code   RO         4098    .text               c_w.l(use_no_semi.o)
    0x08001336   0x08001336   0x00000000   Code   RO         4100    .text               c_w.l(indicate_semi.o)
    0x08001336   0x08001336   0x00000002   PAD
    0x08001338   0x08001338   0x00000320   Code   RO         4103    .text               c_w.l(scanf_hexfp.o)
    0x08001658   0x08001658   0x00000134   Code   RO         4105    .text               c_w.l(scanf_infnan.o)
    0x0800178c   0x0800178c   0x00000026   Code   RO         4114    .text               c_w.l(llshl.o)
    0x080017b2   0x080017b2   0x0000001c   Code   RO         4116    .text               c_w.l(_chval.o)
    0x080017ce   0x080017ce   0x0000003e   Code   RO         3935    CL$$btod_d2e        c_w.l(btod.o)
    0x0800180c   0x0800180c   0x00000046   Code   RO         3937    CL$$btod_d2e_denorm_low  c_w.l(btod.o)
    0x08001852   0x08001852   0x00000060   Code   RO         3936    CL$$btod_d2e_norm_op1  c_w.l(btod.o)
    0x080018b2   0x080018b2   0x00000338   Code   RO         3945    CL$$btod_div_common  c_w.l(btod.o)
    0x08001bea   0x08001bea   0x00000002   PAD
    0x08001bec   0x08001bec   0x00000084   Code   RO         3943    CL$$btod_e2d        c_w.l(btod.o)
    0x08001c70   0x08001c70   0x000000dc   Code   RO         3942    CL$$btod_e2e        c_w.l(btod.o)
    0x08001d4c   0x08001d4c   0x0000002a   Code   RO         3939    CL$$btod_ediv       c_w.l(btod.o)
    0x08001d76   0x08001d76   0x0000002a   Code   RO         3941    CL$$btod_edivd      c_w.l(btod.o)
    0x08001da0   0x08001da0   0x0000002a   Code   RO         3938    CL$$btod_emul       c_w.l(btod.o)
    0x08001dca   0x08001dca   0x0000002a   Code   RO         3940    CL$$btod_emuld      c_w.l(btod.o)
    0x08001df4   0x08001df4   0x00000244   Code   RO         3944    CL$$btod_mult_common  c_w.l(btod.o)
    0x08002038   0x08002038   0x00000056   Code   RO          669    i.ADC_ConversionStop_Disable  stm32f1xx_hal_adc.o
    0x0800208e   0x0800208e   0x0000004e   Code   RO          670    i.ADC_DMAConvCplt   stm32f1xx_hal_adc.o
    0x080020dc   0x080020dc   0x0000001a   Code   RO          671    i.ADC_DMAError      stm32f1xx_hal_adc.o
    0x080020f6   0x080020f6   0x0000000a   Code   RO          672    i.ADC_DMAHalfConvCplt  stm32f1xx_hal_adc.o
    0x08002100   0x08002100   0x0000007c   Code   RO          673    i.ADC_Enable        stm32f1xx_hal_adc.o
    0x0800217c   0x0800217c   0x00000060   Code   RO           13    i.AS5600_ReadMechRad  main.o
    0x080021dc   0x080021dc   0x0000005c   Code   RO           14    i.Align_ZeroElectricalAngle  main.o
    0x08002238   0x08002238   0x00000002   Code   RO          515    i.BusFault_Handler  stm32f1xx_it.o
    0x0800223a   0x0800223a   0x00000002   PAD
    0x0800223c   0x0800223c   0x0000000c   Code   RO          516    i.DMA1_Channel1_IRQHandler  stm32f1xx_it.o
    0x08002248   0x08002248   0x0000002a   Code   RO         1325    i.DMA_SetConfig     stm32f1xx_hal_dma.o
    0x08002272   0x08002272   0x00000002   Code   RO          517    i.DebugMon_Handler  stm32f1xx_it.o
    0x08002274   0x08002274   0x00000004   Code   RO           15    i.Error_Handler     main.o
    0x08002278   0x08002278   0x000000fc   Code   RO          675    i.HAL_ADC_ConfigChannel  stm32f1xx_hal_adc.o
    0x08002374   0x08002374   0x00000020   Code   RO           16    i.HAL_ADC_ConvCpltCallback  main.o
    0x08002394   0x08002394   0x00000002   Code   RO          677    i.HAL_ADC_ConvHalfCpltCallback  stm32f1xx_hal_adc.o
    0x08002396   0x08002396   0x00000002   Code   RO          679    i.HAL_ADC_ErrorCallback  stm32f1xx_hal_adc.o
    0x08002398   0x08002398   0x0000011c   Code   RO          684    i.HAL_ADC_Init      stm32f1xx_hal_adc.o
    0x080024b4   0x080024b4   0x0000008c   Code   RO          312    i.HAL_ADC_MspInit   adc.o
    0x08002540   0x08002540   0x0000010c   Code   RO          691    i.HAL_ADC_Start_DMA  stm32f1xx_hal_adc.o
    0x0800264c   0x0800264c   0x00000046   Code   RO         1326    i.HAL_DMA_Abort     stm32f1xx_hal_dma.o
    0x08002692   0x08002692   0x00000002   PAD
    0x08002694   0x08002694   0x00000098   Code   RO         1327    i.HAL_DMA_Abort_IT  stm32f1xx_hal_dma.o
    0x0800272c   0x0800272c   0x00000154   Code   RO         1331    i.HAL_DMA_IRQHandler  stm32f1xx_hal_dma.o
    0x08002880   0x08002880   0x0000005c   Code   RO         1332    i.HAL_DMA_Init      stm32f1xx_hal_dma.o
    0x080028dc   0x080028dc   0x00000070   Code   RO         1336    i.HAL_DMA_Start_IT  stm32f1xx_hal_dma.o
    0x0800294c   0x0800294c   0x00000024   Code   RO          952    i.HAL_Delay         stm32f1xx_hal.o
    0x08002970   0x08002970   0x00000118   Code   RO         1259    i.HAL_GPIO_DeInit   stm32f1xx_hal_gpio.o
    0x08002a88   0x08002a88   0x000001e0   Code   RO         1262    i.HAL_GPIO_Init     stm32f1xx_hal_gpio.o
    0x08002c68   0x08002c68   0x0000000a   Code   RO         1266    i.HAL_GPIO_WritePin  stm32f1xx_hal_gpio.o
    0x08002c72   0x08002c72   0x00000002   PAD
    0x08002c74   0x08002c74   0x0000000c   Code   RO          956    i.HAL_GetTick       stm32f1xx_hal.o
    0x08002c80   0x08002c80   0x00000032   Code   RO         1924    i.HAL_I2C_DeInit    stm32f1xx_hal_i2c.o
    0x08002cb2   0x08002cb2   0x00000002   PAD
    0x08002cb4   0x08002cb4   0x00000188   Code   RO         1933    i.HAL_I2C_Init      stm32f1xx_hal_i2c.o
    0x08002e3c   0x08002e3c   0x00000250   Code   RO         1939    i.HAL_I2C_Master_Receive  stm32f1xx_hal_i2c.o
    0x0800308c   0x0800308c   0x0000012c   Code   RO         1946    i.HAL_I2C_Master_Transmit  stm32f1xx_hal_i2c.o
    0x080031b8   0x080031b8   0x00000038   Code   RO          377    i.HAL_I2C_MspDeInit  i2c.o
    0x080031f0   0x080031f0   0x00000060   Code   RO          378    i.HAL_I2C_MspInit   i2c.o
    0x08003250   0x08003250   0x00000010   Code   RO          962    i.HAL_IncTick       stm32f1xx_hal.o
    0x08003260   0x08003260   0x00000024   Code   RO          963    i.HAL_Init          stm32f1xx_hal.o
    0x08003284   0x08003284   0x00000040   Code   RO          964    i.HAL_InitTick      stm32f1xx_hal.o
    0x080032c4   0x080032c4   0x0000003c   Code   RO          609    i.HAL_MspInit       stm32f1xx_hal_msp.o
    0x08003300   0x08003300   0x0000001a   Code   RO         1422    i.HAL_NVIC_EnableIRQ  stm32f1xx_hal_cortex.o
    0x0800331a   0x0800331a   0x00000002   PAD
    0x0800331c   0x0800331c   0x00000040   Code   RO         1428    i.HAL_NVIC_SetPriority  stm32f1xx_hal_cortex.o
    0x0800335c   0x0800335c   0x00000024   Code   RO         1429    i.HAL_NVIC_SetPriorityGrouping  stm32f1xx_hal_cortex.o
    0x08003380   0x08003380   0x000000ec   Code   RO         1224    i.HAL_RCCEx_PeriphCLKConfig  stm32f1xx_hal_rcc_ex.o
    0x0800346c   0x0800346c   0x0000012c   Code   RO         1120    i.HAL_RCC_ClockConfig  stm32f1xx_hal_rcc.o
    0x08003598   0x08003598   0x00000020   Code   RO         1127    i.HAL_RCC_GetPCLK1Freq  stm32f1xx_hal_rcc.o
    0x080035b8   0x080035b8   0x00000020   Code   RO         1128    i.HAL_RCC_GetPCLK2Freq  stm32f1xx_hal_rcc.o
    0x080035d8   0x080035d8   0x0000004c   Code   RO         1129    i.HAL_RCC_GetSysClockFreq  stm32f1xx_hal_rcc.o
    0x08003624   0x08003624   0x00000320   Code   RO         1132    i.HAL_RCC_OscConfig  stm32f1xx_hal_rcc.o
    0x08003944   0x08003944   0x00000028   Code   RO         1433    i.HAL_SYSTICK_Config  stm32f1xx_hal_cortex.o
    0x0800396c   0x0800396c   0x00000002   Code   RO         3065    i.HAL_TIMEx_BreakCallback  stm32f1xx_hal_tim_ex.o
    0x0800396e   0x0800396e   0x00000002   Code   RO         3066    i.HAL_TIMEx_CommutCallback  stm32f1xx_hal_tim_ex.o
    0x08003970   0x08003970   0x00000068   Code   RO         3084    i.HAL_TIMEx_MasterConfigSynchronization  stm32f1xx_hal_tim_ex.o
    0x080039d8   0x080039d8   0x0000005a   Code   RO         2361    i.HAL_TIM_Base_Init  stm32f1xx_hal_tim.o
    0x08003a32   0x08003a32   0x00000002   PAD
    0x08003a34   0x08003a34   0x00000050   Code   RO          420    i.HAL_TIM_Base_MspInit  tim.o
    0x08003a84   0x08003a84   0x00000058   Code   RO         2366    i.HAL_TIM_Base_Start_IT  stm32f1xx_hal_tim.o
    0x08003adc   0x08003adc   0x000000dc   Code   RO         2370    i.HAL_TIM_ConfigClockSource  stm32f1xx_hal_tim.o
    0x08003bb8   0x08003bb8   0x00000002   Code   RO         2395    i.HAL_TIM_IC_CaptureCallback  stm32f1xx_hal_tim.o
    0x08003bba   0x08003bba   0x00000130   Code   RO         2409    i.HAL_TIM_IRQHandler  stm32f1xx_hal_tim.o
    0x08003cea   0x08003cea   0x00000002   PAD
    0x08003cec   0x08003cec   0x00000048   Code   RO          421    i.HAL_TIM_MspPostInit  tim.o
    0x08003d34   0x08003d34   0x00000002   Code   RO         2412    i.HAL_TIM_OC_DelayElapsedCallback  stm32f1xx_hal_tim.o
    0x08003d36   0x08003d36   0x000000cc   Code   RO         2433    i.HAL_TIM_PWM_ConfigChannel  stm32f1xx_hal_tim.o
    0x08003e02   0x08003e02   0x0000005a   Code   RO         2436    i.HAL_TIM_PWM_Init  stm32f1xx_hal_tim.o
    0x08003e5c   0x08003e5c   0x00000002   Code   RO         2438    i.HAL_TIM_PWM_MspInit  stm32f1xx_hal_tim.o
    0x08003e5e   0x08003e5e   0x00000002   Code   RO         2439    i.HAL_TIM_PWM_PulseFinishedCallback  stm32f1xx_hal_tim.o
    0x08003e60   0x08003e60   0x0000009c   Code   RO         2441    i.HAL_TIM_PWM_Start  stm32f1xx_hal_tim.o
    0x08003efc   0x08003efc   0x00000014   Code   RO           17    i.HAL_TIM_PeriodElapsedCallback  main.o
    0x08003f10   0x08003f10   0x00000002   Code   RO         2452    i.HAL_TIM_TriggerCallback  stm32f1xx_hal_tim.o
    0x08003f12   0x08003f12   0x00000002   Code   RO         3344    i.HAL_UARTEx_RxEventCallback  stm32f1xx_hal_uart.o
    0x08003f14   0x08003f14   0x00000002   Code   RO         3358    i.HAL_UART_ErrorCallback  stm32f1xx_hal_uart.o
    0x08003f16   0x08003f16   0x00000002   PAD
    0x08003f18   0x08003f18   0x0000026c   Code   RO         3361    i.HAL_UART_IRQHandler  stm32f1xx_hal_uart.o
    0x08004184   0x08004184   0x00000064   Code   RO         3362    i.HAL_UART_Init     stm32f1xx_hal_uart.o
    0x080041e8   0x080041e8   0x00000080   Code   RO          474    i.HAL_UART_MspInit  usart.o
    0x08004268   0x08004268   0x0000001c   Code   RO         3367    i.HAL_UART_Receive_IT  stm32f1xx_hal_uart.o
    0x08004284   0x08004284   0x00000094   Code   RO           18    i.HAL_UART_RxCpltCallback  main.o
    0x08004318   0x08004318   0x000000a0   Code   RO         3370    i.HAL_UART_Transmit  stm32f1xx_hal_uart.o
    0x080043b8   0x080043b8   0x00000032   Code   RO         3372    i.HAL_UART_Transmit_IT  stm32f1xx_hal_uart.o
    0x080043ea   0x080043ea   0x00000002   PAD
    0x080043ec   0x080043ec   0x0000005c   Code   RO           19    i.HAL_UART_TxCpltCallback  main.o
    0x08004448   0x08004448   0x00000002   Code   RO          518    i.HardFault_Handler  stm32f1xx_it.o
    0x0800444a   0x0800444a   0x00000002   PAD
    0x0800444c   0x0800444c   0x0000001c   Code   RO           20    i.I2C_ClearBusyFlagErratum  main.o
    0x08004468   0x08004468   0x0000002e   Code   RO         1976    i.I2C_IsAcknowledgeFailed  stm32f1xx_hal_i2c.o
    0x08004496   0x08004496   0x00000002   PAD
    0x08004498   0x08004498   0x000000ec   Code   RO         1979    i.I2C_MasterRequestRead  stm32f1xx_hal_i2c.o
    0x08004584   0x08004584   0x0000009c   Code   RO         1980    i.I2C_MasterRequestWrite  stm32f1xx_hal_i2c.o
    0x08004620   0x08004620   0x00000056   Code   RO         1991    i.I2C_WaitOnBTFFlagUntilTimeout  stm32f1xx_hal_i2c.o
    0x08004676   0x08004676   0x00000002   PAD
    0x08004678   0x08004678   0x00000090   Code   RO         1992    i.I2C_WaitOnFlagUntilTimeout  stm32f1xx_hal_i2c.o
    0x08004708   0x08004708   0x000000bc   Code   RO         1993    i.I2C_WaitOnMasterAddressFlagUntilTimeout  stm32f1xx_hal_i2c.o
    0x080047c4   0x080047c4   0x00000070   Code   RO         1994    i.I2C_WaitOnRXNEFlagUntilTimeout  stm32f1xx_hal_i2c.o
    0x08004834   0x08004834   0x00000056   Code   RO         1995    i.I2C_WaitOnTXEFlagUntilTimeout  stm32f1xx_hal_i2c.o
    0x0800488a   0x0800488a   0x00000002   PAD
    0x0800488c   0x0800488c   0x00000068   Code   RO          313    i.MX_ADC1_Init      adc.o
    0x080048f4   0x080048f4   0x0000002c   Code   RO          353    i.MX_DMA_Init       dma.o
    0x08004920   0x08004920   0x00000070   Code   RO          287    i.MX_GPIO_Init      gpio.o
    0x08004990   0x08004990   0x00000040   Code   RO          379    i.MX_I2C2_Init      i2c.o
    0x080049d0   0x080049d0   0x000000b4   Code   RO          422    i.MX_TIM2_Init      tim.o
    0x08004a84   0x08004a84   0x00000064   Code   RO          423    i.MX_TIM4_Init      tim.o
    0x08004ae8   0x08004ae8   0x00000038   Code   RO          475    i.MX_USART1_UART_Init  usart.o
    0x08004b20   0x08004b20   0x00000002   Code   RO          519    i.MemManage_Handler  stm32f1xx_it.o
    0x08004b22   0x08004b22   0x00000002   Code   RO          520    i.NMI_Handler       stm32f1xx_it.o
    0x08004b24   0x08004b24   0x00000002   Code   RO          521    i.PendSV_Handler    stm32f1xx_it.o
    0x08004b26   0x08004b26   0x00000002   Code   RO          522    i.SVC_Handler       stm32f1xx_it.o
    0x08004b28   0x08004b28   0x00000004   Code   RO          523    i.SysTick_Handler   stm32f1xx_it.o
    0x08004b2c   0x08004b2c   0x00000078   Code   RO           21    i.SystemClock_Config  main.o
    0x08004ba4   0x08004ba4   0x00000002   Code   RO         3696    i.SystemInit        system_stm32f1xx.o
    0x08004ba6   0x08004ba6   0x00000002   PAD
    0x08004ba8   0x08004ba8   0x0000000c   Code   RO          524    i.TIM4_IRQHandler   stm32f1xx_it.o
    0x08004bb4   0x08004bb4   0x00000078   Code   RO         2454    i.TIM_Base_SetConfig  stm32f1xx_hal_tim.o
    0x08004c2c   0x08004c2c   0x0000001a   Code   RO         2455    i.TIM_CCxChannelCmd  stm32f1xx_hal_tim.o
    0x08004c46   0x08004c46   0x00000014   Code   RO         2465    i.TIM_ETR_SetConfig  stm32f1xx_hal_tim.o
    0x08004c5a   0x08004c5a   0x00000010   Code   RO         2466    i.TIM_ITRx_SetConfig  stm32f1xx_hal_tim.o
    0x08004c6a   0x08004c6a   0x00000002   PAD
    0x08004c6c   0x08004c6c   0x00000050   Code   RO         2467    i.TIM_OC1_SetConfig  stm32f1xx_hal_tim.o
    0x08004cbc   0x08004cbc   0x00000058   Code   RO         2468    i.TIM_OC2_SetConfig  stm32f1xx_hal_tim.o
    0x08004d14   0x08004d14   0x00000058   Code   RO         2469    i.TIM_OC3_SetConfig  stm32f1xx_hal_tim.o
    0x08004d6c   0x08004d6c   0x00000044   Code   RO         2470    i.TIM_OC4_SetConfig  stm32f1xx_hal_tim.o
    0x08004db0   0x08004db0   0x00000022   Code   RO         2472    i.TIM_TI1_ConfigInputStage  stm32f1xx_hal_tim.o
    0x08004dd2   0x08004dd2   0x00000024   Code   RO         2474    i.TIM_TI2_ConfigInputStage  stm32f1xx_hal_tim.o
    0x08004df6   0x08004df6   0x00000010   Code   RO         3375    i.UART_DMAAbortOnError  stm32f1xx_hal_uart.o
    0x08004e06   0x08004e06   0x0000004e   Code   RO         3385    i.UART_EndRxTransfer  stm32f1xx_hal_uart.o
    0x08004e54   0x08004e54   0x000000c2   Code   RO         3387    i.UART_Receive_IT   stm32f1xx_hal_uart.o
    0x08004f16   0x08004f16   0x00000002   PAD
    0x08004f18   0x08004f18   0x000000b8   Code   RO         3388    i.UART_SetConfig    stm32f1xx_hal_uart.o
    0x08004fd0   0x08004fd0   0x00000036   Code   RO         3390    i.UART_Start_Receive_IT  stm32f1xx_hal_uart.o
    0x08005006   0x08005006   0x00000072   Code   RO         3391    i.UART_WaitOnFlagUntilTimeout  stm32f1xx_hal_uart.o
    0x08005078   0x08005078   0x0000000c   Code   RO          525    i.USART1_IRQHandler  stm32f1xx_it.o
    0x08005084   0x08005084   0x00000002   Code   RO          526    i.UsageFault_Handler  stm32f1xx_it.o
    0x08005086   0x08005086   0x00000028   Code   RO         4013    i.__ARM_fpclassify  m_ws.l(fpclassify.o)
    0x080050ae   0x080050ae   0x00000026   Code   RO         3882    i.__ARM_fpclassifyf  m_ws.l(fpclassifyf.o)
    0x080050d4   0x080050d4   0x00000020   Code   RO         1435    i.__NVIC_SetPriority  stm32f1xx_hal_cortex.o
    0x080050f4   0x080050f4   0x0000000e   Code   RO         4160    i.__mathlib_dbl_overflow  m_ws.l(dunder.o)
    0x08005102   0x08005102   0x00000002   PAD
    0x08005104   0x08005104   0x00000010   Code   RO         4162    i.__mathlib_dbl_underflow  m_ws.l(dunder.o)
    0x08005114   0x08005114   0x00000006   Code   RO         3885    i.__mathlib_flt_infnan  m_ws.l(funder.o)
    0x0800511a   0x0800511a   0x00000008   Code   RO         3887    i.__mathlib_flt_invalid  m_ws.l(funder.o)
    0x08005122   0x08005122   0x0000000a   Code   RO         3890    i.__mathlib_flt_underflow  m_ws.l(funder.o)
    0x0800512c   0x0800512c   0x00000010   Code   RO         4015    i.__mathlib_narrow  m_ws.l(narrow.o)
    0x0800513c   0x0800513c   0x00000168   Code   RO         3898    i.__mathlib_rredf2  m_ws.l(rredf.o)
    0x080052a4   0x080052a4   0x000000bc   Code   RO         4016    i.__mathlib_tofloat  m_ws.l(narrow.o)
    0x08005360   0x08005360   0x00000016   Code   RO         4141    i.__support_ldexp   m_ws.l(ldexp.o)
    0x08005376   0x08005376   0x0000000e   Code   RO         3756    i._is_digit         c_w.l(__printf_wp.o)
    0x08005384   0x08005384   0x00000452   Code   RO           22    i.control_step      main.o
    0x080057d6   0x080057d6   0x00000002   PAD
    0x080057d8   0x080057d8   0x0000017c   Code   RO         3814    i.cosf              m_ws.l(cosf.o)
    0x08005954   0x08005954   0x00000060   Code   RO           23    i.current_offsets_calib  main.o
    0x080059b4   0x080059b4   0x00000058   Code   RO         4050    i.frexp             m_ws.l(frexp.o)
    0x08005a0c   0x08005a0c   0x00000054   Code   RO           24    i.get_stable_angle  main.o
    0x08005a60   0x08005a60   0x00000074   Code   RO         4142    i.ldexp             m_ws.l(ldexp.o)
    0x08005ad4   0x08005ad4   0x00000294   Code   RO           25    i.main              main.o
    0x08005d68   0x08005d68   0x00000028   Code   RO           26    i.norm2pi           main.o
    0x08005d90   0x08005d90   0x00000180   Code   RO           27    i.parse_line        main.o
    0x08005f10   0x08005f10   0x00000028   Code   RO           28    i.pid_reset         main.o
    0x08005f38   0x08005f38   0x000000ac   Code   RO           29    i.pid_step          main.o
    0x08005fe4   0x08005fe4   0x00000016   Code   RO           30    i.sat01             main.o
    0x08005ffa   0x08005ffa   0x00000002   PAD
    0x08005ffc   0x08005ffc   0x000000e4   Code   RO           31    i.set_phase_voltage  main.o
    0x080060e0   0x080060e0   0x00000188   Code   RO         3822    i.sinf              m_ws.l(sinf.o)
    0x08006268   0x08006268   0x0000002c   Code   RO         3830    i.sqrtf             m_ws.l(sqrtf.o)
    0x08006294   0x08006294   0x00000014   Code   RO         3838    i.strtof            m_ws.l(strtof.o)
    0x080062a8   0x080062a8   0x00000074   Code   RO           32    i.uart_safe_print   main.o
    0x0800631c   0x0800631c   0x0000008c   Code   RO           33    i.vofa_send_data    main.o
    0x080063a8   0x080063a8   0x0000002c   Code   RO         3863    locale$$code        c_w.l(lc_ctype_c.o)
    0x080063d4   0x080063d4   0x0000002c   Code   RO         3958    locale$$code        c_w.l(lc_numeric_c.o)
    0x08006400   0x08006400   0x00000062   Code   RO         4037    x$fpl$d2f           fz_ws.l(d2f.o)
    0x08006462   0x08006462   0x00000002   PAD
    0x08006464   0x08006464   0x00000010   Code   RO         4084    x$fpl$dcheck1       fz_ws.l(dcheck1.o)
    0x08006474   0x08006474   0x00000018   Code   RO         4061    x$fpl$dcmpinf       fz_ws.l(dcmpi.o)
    0x0800648c   0x0800648c   0x00000078   Code   RO         4039    x$fpl$deqf          fz_ws.l(deqf.o)
    0x08006504   0x08006504   0x00000078   Code   RO         4063    x$fpl$dleqf         fz_ws.l(dleqf.o)
    0x0800657c   0x0800657c   0x0000009c   Code   RO         4065    x$fpl$dnaninf       fz_ws.l(dnaninf.o)
    0x08006618   0x08006618   0x0000000c   Code   RO         3867    x$fpl$dretinf       fz_ws.l(dretinf.o)
    0x08006624   0x08006624   0x0000006c   Code   RO         4041    x$fpl$drleqf        fz_ws.l(drleqf.o)
    0x08006690   0x08006690   0x00000056   Code   RO         3779    x$fpl$f2d           fz_ws.l(f2d.o)
    0x080066e6   0x080066e6   0x00000002   PAD
    0x080066e8   0x080066e8   0x000000c4   Code   RO         3781    x$fpl$fadd          fz_ws.l(faddsub_clz.o)
    0x080067ac   0x080067ac   0x0000000c   Code   RO         3869    x$fpl$fcheck1       fz_ws.l(fcheck1.o)
    0x080067b8   0x080067b8   0x00000018   Code   RO         4007    x$fpl$fcmpinf       fz_ws.l(fcmpi.o)
    0x080067d0   0x080067d0   0x00000184   Code   RO         3788    x$fpl$fdiv          fz_ws.l(fdiv.o)
    0x08006954   0x08006954   0x00000036   Code   RO         3791    x$fpl$ffix          fz_ws.l(ffix.o)
    0x0800698a   0x0800698a   0x00000002   PAD
    0x0800698c   0x0800698c   0x0000003e   Code   RO         3795    x$fpl$ffixu         fz_ws.l(ffixu.o)
    0x080069ca   0x080069ca   0x00000002   PAD
    0x080069cc   0x080069cc   0x00000030   Code   RO         3800    x$fpl$fflt          fz_ws.l(fflt_clz.o)
    0x080069fc   0x080069fc   0x00000026   Code   RO         3799    x$fpl$ffltu         fz_ws.l(fflt_clz.o)
    0x08006a22   0x08006a22   0x00000002   PAD
    0x08006a24   0x08006a24   0x00000068   Code   RO         3871    x$fpl$fleqf         fz_ws.l(fleqf.o)
    0x08006a8c   0x08006a8c   0x00000102   Code   RO         3805    x$fpl$fmul          fz_ws.l(fmul.o)
    0x08006b8e   0x08006b8e   0x0000008c   Code   RO         3873    x$fpl$fnaninf       fz_ws.l(fnaninf.o)
    0x08006c1a   0x08006c1a   0x0000000a   Code   RO         3875    x$fpl$fretinf       fz_ws.l(fretinf.o)
    0x08006c24   0x08006c24   0x00000062   Code   RO         3807    x$fpl$frleqf        fz_ws.l(frleqf.o)
    0x08006c86   0x08006c86   0x00000002   PAD
    0x08006c88   0x08006c88   0x00000060   Code   RO         3877    x$fpl$frnd          fz_ws.l(frnd.o)
    0x08006ce8   0x08006ce8   0x00000014   Code   RO         3782    x$fpl$frsb          fz_ws.l(faddsub_clz.o)
    0x08006cfc   0x08006cfc   0x00000110   Code   RO         3879    x$fpl$fsqrt         fz_ws.l(fsqrt.o)
    0x08006e0c   0x08006e0c   0x000000ea   Code   RO         3783    x$fpl$fsub          fz_ws.l(faddsub_clz.o)
    0x08006ef6   0x08006ef6   0x00000006   Code   RO         4009    x$fpl$ieeestatus    fz_ws.l(istatus.o)
    0x08006efc   0x08006efc   0x00000004   Code   RO         3809    x$fpl$printf1       fz_ws.l(printf1.o)
    0x08006f00   0x08006f00   0x00000064   Code   RO         4011    x$fpl$retnan        fz_ws.l(retnan.o)
    0x08006f64   0x08006f64   0x0000005c   Code   RO         4067    x$fpl$scalbn        fz_ws.l(scalbn.o)
    0x08006fc0   0x08006fc0   0x0000004c   Code   RO         3811    x$fpl$scalbnf       fz_ws.l(scalbnf.o)
    0x0800700c   0x0800700c   0x00000004   Code   RO         4045    x$fpl$scanf1        fz_ws.l(scanf1.o)
    0x08007010   0x08007010   0x00000008   Code   RO         4090    x$fpl$scanf2        fz_ws.l(scanf2.o)
    0x08007018   0x08007018   0x00000030   Code   RO         4047    x$fpl$trapveneer    fz_ws.l(trapv.o)
    0x08007048   0x08007048   0x00000000   Code   RO         3881    x$fpl$usenofp       fz_ws.l(usenofp.o)
    0x08007048   0x08007048   0x00000012   Data   RO         1133    .constdata          stm32f1xx_hal_rcc.o
    0x0800705a   0x0800705a   0x00000010   Data   RO         3697    .constdata          system_stm32f1xx.o
    0x0800706a   0x0800706a   0x00000008   Data   RO         3698    .constdata          system_stm32f1xx.o
    0x08007072   0x08007072   0x00000002   PAD
    0x08007074   0x08007074   0x00000020   Data   RO         3899    .constdata          m_ws.l(rredf.o)
    0x08007094   0x08007094   0x00000094   Data   RO         3933    .constdata          c_w.l(bigflt0.o)
    0x08007128   0x08007128   0x00000045   Data   RO           35    .conststring        main.o
    0x0800716d   0x0800716d   0x00000003   PAD
    0x08007170   0x08007170   0x00000020   Data   RO         4199    Region$$Table       anon$$obj.o
    0x08007190   0x08007190   0x00000008   Data   RO         4086    c$$dinf             fz_ws.l(fpconst.o)
    0x08007198   0x08007198   0x00000008   Data   RO         4089    c$$dmax             fz_ws.l(fpconst.o)
    0x080071a0   0x080071a0   0x00000110   Data   RO         3862    locale$$data        c_w.l(lc_ctype_c.o)
    0x080072b0   0x080072b0   0x0000001c   Data   RO         3957    locale$$data        c_w.l(lc_numeric_c.o)


    Execution Region RW_IRAM1 (Exec base: 0x20000000, Load base: 0x080072cc, Size: 0x00000c00, Max: 0x00005000, ABSOLUTE)

    Exec Addr    Load Addr    Size         Type   Attr      Idx    E Section Name        Object

    0x20000000   0x080072cc   0x000000b0   Data   RW           36    .data               main.o
    0x200000b0   0x0800737c   0x0000000c   Data   RW          970    .data               stm32f1xx_hal.o
    0x200000bc   0x08007388   0x00000004   Data   RW         3699    .data               system_stm32f1xx.o
    0x200000c0        -       0x00000340   Zero   RW           34    .bss                main.o
    0x20000400        -       0x00000074   Zero   RW          314    .bss                adc.o
    0x20000474        -       0x00000054   Zero   RW          380    .bss                i2c.o
    0x200004c8        -       0x00000090   Zero   RW          424    .bss                tim.o
    0x20000558        -       0x00000048   Zero   RW          476    .bss                usart.o
    0x200005a0        -       0x00000060   Zero   RW         3902    .bss                c_w.l(libspace.o)
    0x20000600        -       0x00000200   Zero   RW            2    HEAP                startup_stm32f103xb.o
    0x20000800        -       0x00000400   Zero   RW            1    STACK               startup_stm32f103xb.o


==============================================================================

Image component sizes


      Code (inc. data)   RO Data    RW Data    ZI Data      Debug   Object Name

       244         28          0          0        116       1635   adc.o
        44          4          0          0          0        690   dma.o
       112          8          0          0          0        847   gpio.o
       216         40          0          0         84       1997   i2c.o
      3720        408         69        176        832     464228   main.o
        64         26        236          0       1536        776   startup_stm32f103xb.o
       164         28          0         12          0       5633   stm32f1xx_hal.o
      1132         56          0          0          0       7639   stm32f1xx_hal_adc.o
       198         14          0          0          0      28743   stm32f1xx_hal_cortex.o
       808         36          0          0          0       4750   stm32f1xx_hal_dma.o
       770         60          0          0          0       3718   stm32f1xx_hal_gpio.o
      2388         54          0          0          0      12783   stm32f1xx_hal_i2c.o
        60          8          0          0          0        806   stm32f1xx_hal_msp.o
      1240         84         18          0          0       4908   stm32f1xx_hal_rcc.o
       236         12          0          0          0       1316   stm32f1xx_hal_rcc_ex.o
      1738         56          0          0          0      15346   stm32f1xx_hal_tim.o
       108         12          0          0          0       2265   stm32f1xx_hal_tim_ex.o
      1602         10          0          0          0      10705   stm32f1xx_hal_uart.o
        56         18          0          0          0       4779   stm32f1xx_it.o
         2          0         24          4          0       1011   system_stm32f1xx.o
       432         30          0          0        144       2833   tim.o
       184         20          0          0         72       1554   usart.o

    ----------------------------------------------------------------------
     15554       1012        384        192       2784     578962   Object Totals
         0          0         32          0          0          0   (incl. Generated)
        36          0          5          0          0          0   (incl. Padding)

    ----------------------------------------------------------------------

      Code (inc. data)   RO Data    RW Data    ZI Data      Debug   Library Member Name

         8          0          0          0          0         68   __main.o
       284          0          0          0          0        156   __printf_wp.o
         0          0          0          0          0          0   __rtentry.o
        12          0          0          0          0          0   __rtentry2.o
         6          0          0          0          0          0   __rtentry4.o
        52          8          0          0          0          0   __scatter.o
        26          0          0          0          0          0   __scatter_copy.o
        28          0          0          0          0          0   __scatter_zi.o
        28          0          0          0          0         68   _chval.o
        48          6          0          0          0         96   _printf_char_common.o
         6          0          0          0          0          0   _printf_d.o
       120         16          0          0          0         92   _printf_dec.o
         6          0          0          0          0          0   _printf_f.o
      1054          0          0          0          0        216   _printf_fp_dec.o
       128         16          0          0          0         84   _printf_fp_infnan.o
       178          0          0          0          0         88   _printf_intcommon.o
         0          0          0          0          0          0   _printf_percent.o
         4          0          0          0          0          0   _printf_percent_end.o
        22          0          0          0          0        100   _rserrno.o
        64          0          0          0          0         84   _sgetc.o
        16          0          0          0          0         68   _snputc.o
        10          0          0          0          0         68   _sputc.o
       228          4        148          0          0         96   bigflt0.o
      2152        136          0          0          0        960   btod.o
        18          0          0          0          0         80   exit.o
         6          0          0          0          0        152   heapauxi.o
         0          0          0          0          0          0   indicate_semi.o
        18          0          0          0          0         76   isspace.o
        44         10        272          0          0         76   lc_ctype_c.o
        44         10         28          0          0         76   lc_numeric_c.o
         2          0          0          0          0          0   libinit.o
        30          0          0          0          0          0   libinit2.o
         2          0          0          0          0          0   libshutdown.o
         2          0          0          0          0          0   libshutdown2.o
         8          4          0          0         96         68   libspace.o
        38          0          0          0          0         68   llshl.o
       138          0          0          0          0         80   lludiv10.o
        52          4          0          0          0         84   noretval__2snprintf.o
        16          4          0          0          0         76   rt_ctype_table.o
         8          4          0          0          0         68   rt_errno_addr_intlibspace.o
         8          4          0          0          0         68   rt_locale_intlibspace.o
        68          0          0          0          0         68   rt_memclr.o
        78          0          0          0          0         80   rt_memclr_w.o
         2          0          0          0          0          0   rtexit.o
        10          0          0          0          0          0   rtexit2.o
      1272         16          0          0          0        168   scanf_fp.o
       800         14          0          0          0        100   scanf_hexfp.o
       308         16          0          0          0        100   scanf_infnan.o
       128          0          0          0          0         68   strcmpv7m.o
        62          0          0          0          0         76   strlen.o
        86          0          0          0          0         76   strncpy.o
       164         14          0          0          0        120   strtod.o
        26          0          0          0          0         80   strtof.o
        12          4          0          0          0         68   sys_exit.o
        74          0          0          0          0         80   sys_stackheap_outer.o
        26          0          0          0          0         76   tolower.o
         2          0          0          0          0         68   use_no_semi.o
        98          4          0          0          0         92   d2f.o
        16          4          0          0          0         68   dcheck1.o
        24          0          0          0          0         68   dcmpi.o
       120          4          0          0          0         92   deqf.o
       120          4          0          0          0         92   dleqf.o
       156          4          0          0          0         92   dnaninf.o
        12          0          0          0          0         68   dretinf.o
       108          0          0          0          0         80   drleqf.o
        86          4          0          0          0         84   f2d.o
       450          8          0          0          0        236   faddsub_clz.o
        12          4          0          0          0         68   fcheck1.o
        24          0          0          0          0         68   fcmpi.o
       388         76          0          0          0         96   fdiv.o
        54          4          0          0          0         84   ffix.o
        62          4          0          0          0         84   ffixu.o
        86          0          0          0          0        136   fflt_clz.o
       104          4          0          0          0         84   fleqf.o
       258          4          0          0          0         84   fmul.o
       140          4          0          0          0         84   fnaninf.o
         0          0         16          0          0          0   fpconst.o
        10          0          0          0          0         68   fretinf.o
        98          0          0          0          0         68   frleqf.o
        96          4          0          0          0         76   frnd.o
       272        100          0          0          0         88   fsqrt.o
         6          0          0          0          0         68   istatus.o
         4          0          0          0          0         68   printf1.o
       100          0          0          0          0         68   retnan.o
        92          0          0          0          0         68   scalbn.o
        76          0          0          0          0         68   scalbnf.o
         4          0          0          0          0         68   scanf1.o
         8          0          0          0          0         84   scanf2.o
        48          0          0          0          0         68   trapv.o
         0          0          0          0          0          0   usenofp.o
       380         52          0          0          0        124   cosf.o
        30          6          0          0          0        136   dunder.o
        40          0          0          0          0         68   fpclassify.o
        38          0          0          0          0         68   fpclassifyf.o
        88          8          0          0          0         76   frexp.o
        24          0          0          0          0        204   funder.o
       138          0          0          0          0        160   ldexp.o
       204          4          0          0          0        168   narrow.o
       360         16         32          0          0         88   rredf.o
       392         54          0          0          0        124   sinf.o
        44          0          0          0          0         80   sqrtf.o
        20          0          0          0          0         76   strtof.o

    ----------------------------------------------------------------------
     12954        668        496          0         96       8436   Library Totals
        32          2          0          0          0          0   (incl. Padding)

    ----------------------------------------------------------------------

      Code (inc. data)   RO Data    RW Data    ZI Data      Debug   Library Name

      8032        290        448          0         96       4444   c_w.l
      3132        236         16          0          0       2620   fz_ws.l
      1758        140         32          0          0       1372   m_ws.l

    ----------------------------------------------------------------------
     12954        668        496          0         96       8436   Library Totals

    ----------------------------------------------------------------------

==============================================================================


      Code (inc. data)   RO Data    RW Data    ZI Data      Debug   

     28508       1680        880        192       2880     575538   Grand Totals
     28508       1680        880        192       2880     575538   ELF Image Totals
     28508       1680        880        192          0          0   ROM Totals

==============================================================================

    Total RO  Size (Code + RO Data)                29388 (  28.70kB)
    Total RW  Size (RW Data + ZI Data)              3072 (   3.00kB)
    Total ROM Size (Code + RO Data + RW Data)      29580 (  28.89kB)

==============================================================================

